Component: ARM Compiler 5.06 update 4 (build 422) Tool: armlink [4d35d2]

==============================================================================

Section Cross References

    main.o(i.float_task) refers to _printf_percent.o(.ARM.Collect$$_printf_percent$$00000000) for _printf_percent
    main.o(i.float_task) refers to _printf_f.o(.ARM.Collect$$_printf_percent$$00000003) for _printf_f
    main.o(i.float_task) refers to printf1.o(x$fpl$printf1) for _printf_fp_dec
    main.o(i.float_task) refers to faddsub_clz.o(x$fpl$fadd) for __aeabi_fadd
    main.o(i.float_task) refers to os_cpu_a.o(.text) for OS_CPU_SR_Save
    main.o(i.float_task) refers to f2d.o(x$fpl$f2d) for __aeabi_f2d
    main.o(i.float_task) refers to noretval__2printf.o(.text) for __2printf
    main.o(i.float_task) refers to delay.o(i.delay_ms) for delay_ms
    main.o(i.float_task) refers to main.o(.data) for float_num
    main.o(i.led0_task) refers to led.o(i.LED0_OFF) for LED0_OFF
    main.o(i.led0_task) refers to delay.o(i.delay_ms) for delay_ms
    main.o(i.led0_task) refers to led.o(i.LED0_ON) for LED0_ON
    main.o(i.led1_task) refers to led.o(i.LED1_OFF) for LED1_OFF
    main.o(i.led1_task) refers to delay.o(i.delay_ms) for delay_ms
    main.o(i.led1_task) refers to led.o(i.LED1_ON) for LED1_ON
    main.o(i.main) refers to delay.o(i.delay_init) for delay_init
    main.o(i.main) refers to misc.o(i.NVIC_PriorityGroupConfig) for NVIC_PriorityGroupConfig
    main.o(i.main) refers to usart.o(i.uart_init) for uart_init
    main.o(i.main) refers to led.o(i.LED_Init) for LED_Init
    main.o(i.main) refers to os_core.o(i.OSInit) for OSInit
    main.o(i.main) refers to os_task.o(i.OSTaskCreate) for OSTaskCreate
    main.o(i.main) refers to os_core.o(i.OSStart) for OSStart
    main.o(i.main) refers to main.o(.bss) for START_TASK_STK
    main.o(i.main) refers to main.o(i.start_task) for start_task
    main.o(i.start_task) refers to os_core.o(i.OSStatInit) for OSStatInit
    main.o(i.start_task) refers to os_cpu_a.o(.text) for OS_CPU_SR_Save
    main.o(i.start_task) refers to os_task.o(i.OSTaskCreate) for OSTaskCreate
    main.o(i.start_task) refers to os_task.o(i.OSTaskSuspend) for OSTaskSuspend
    main.o(i.start_task) refers to main.o(.bss) for LED0_TASK_STK
    main.o(i.start_task) refers to main.o(i.led0_task) for led0_task
    main.o(i.start_task) refers to main.o(i.led1_task) for led1_task
    main.o(i.start_task) refers to main.o(i.float_task) for float_task
    system_stm32f10x.o(i.SetSysClock) refers to system_stm32f10x.o(i.SetSysClockTo72) for SetSysClockTo72
    system_stm32f10x.o(i.SystemCoreClockUpdate) refers to system_stm32f10x.o(.data) for SystemCoreClock
    system_stm32f10x.o(i.SystemInit) refers to system_stm32f10x.o(i.SetSysClock) for SetSysClock
    led.o(i.LED0_OFF) refers to stm32f10x_gpio.o(i.GPIO_SetBits) for GPIO_SetBits
    led.o(i.LED0_ON) refers to stm32f10x_gpio.o(i.GPIO_ResetBits) for GPIO_ResetBits
    led.o(i.LED1_OFF) refers to stm32f10x_gpio.o(i.GPIO_SetBits) for GPIO_SetBits
    led.o(i.LED1_ON) refers to stm32f10x_gpio.o(i.GPIO_ResetBits) for GPIO_ResetBits
    led.o(i.LED2_OFF) refers to stm32f10x_gpio.o(i.GPIO_SetBits) for GPIO_SetBits
    led.o(i.LED2_ON) refers to stm32f10x_gpio.o(i.GPIO_ResetBits) for GPIO_ResetBits
    led.o(i.LED3_OFF) refers to stm32f10x_gpio.o(i.GPIO_SetBits) for GPIO_SetBits
    led.o(i.LED3_ON) refers to stm32f10x_gpio.o(i.GPIO_ResetBits) for GPIO_ResetBits
    led.o(i.LED4_OFF) refers to stm32f10x_gpio.o(i.GPIO_SetBits) for GPIO_SetBits
    led.o(i.LED4_ON) refers to stm32f10x_gpio.o(i.GPIO_ResetBits) for GPIO_ResetBits
    led.o(i.LED5_OFF) refers to stm32f10x_gpio.o(i.GPIO_SetBits) for GPIO_SetBits
    led.o(i.LED5_ON) refers to stm32f10x_gpio.o(i.GPIO_ResetBits) for GPIO_ResetBits
    led.o(i.LED6_OFF) refers to stm32f10x_gpio.o(i.GPIO_SetBits) for GPIO_SetBits
    led.o(i.LED6_ON) refers to stm32f10x_gpio.o(i.GPIO_ResetBits) for GPIO_ResetBits
    led.o(i.LED7_OFF) refers to stm32f10x_gpio.o(i.GPIO_SetBits) for GPIO_SetBits
    led.o(i.LED7_ON) refers to stm32f10x_gpio.o(i.GPIO_ResetBits) for GPIO_ResetBits
    led.o(i.LED_Init) refers to stm32f10x_rcc.o(i.RCC_APB2PeriphClockCmd) for RCC_APB2PeriphClockCmd
    led.o(i.LED_Init) refers to stm32f10x_gpio.o(i.GPIO_Init) for GPIO_Init
    led.o(i.LED_Init) refers to stm32f10x_gpio.o(i.GPIO_SetBits) for GPIO_SetBits
    delay.o(i.SysTick_Handler) refers to os_core.o(i.OSIntEnter) for OSIntEnter
    delay.o(i.SysTick_Handler) refers to os_core.o(i.OSTimeTick) for OSTimeTick
    delay.o(i.SysTick_Handler) refers to os_core.o(i.OSIntExit) for OSIntExit
    delay.o(i.SysTick_Handler) refers to os_core.o(.data) for OSRunning
    delay.o(i.delay_init) refers to misc.o(i.SysTick_CLKSourceConfig) for SysTick_CLKSourceConfig
    delay.o(i.delay_init) refers to system_stm32f10x.o(.data) for SystemCoreClock
    delay.o(i.delay_init) refers to delay.o(.data) for fac_us
[...]
    Removing os_flag.o(i.OS_FlagBlock), (164 bytes).
    Removing os_flag.o(i.OS_FlagTaskRdy), (92 bytes).
    Removing os_flag.o(i.OS_FlagUnlink), (36 bytes).
    Removing os_mbox.o(i.OSMboxAccept), (38 bytes).
    Removing os_mbox.o(i.OSMboxCreate), (76 bytes).
    Removing os_mbox.o(i.OSMboxDel), (208 bytes).
    Removing os_mbox.o(i.OSMboxPend), (260 bytes).
    Removing os_mbox.o(i.OSMboxPendAbort), (128 bytes).
    Removing os_mbox.o(i.OSMboxPost), (80 bytes).
    Removing os_mbox.o(i.OSMboxPostOpt), (120 bytes).
    Removing os_mbox.o(i.OSMboxQuery), (76 bytes).
    Removing os_mutex.o(i.OSMutexAccept), (144 bytes).
    Removing os_mutex.o(i.OSMutexCreate), (148 bytes).
    Removing os_mutex.o(i.OSMutexDel), (280 bytes).
    Removing os_mutex.o(i.OSMutexPend), (568 bytes).
    Removing os_mutex.o(i.OSMutexPost), (200 bytes).
    Removing os_mutex.o(i.OSMutexQuery), (112 bytes).
    Removing os_mutex.o(i.OSMutex_RdyAtPrio), (132 bytes).
    Removing os_q.o(i.OSQAccept), (88 bytes).
    Removing os_q.o(i.OSQCreate), (152 bytes).
    Removing os_q.o(i.OSQDel), (248 bytes).
    Removing os_q.o(i.OSQFlush), (36 bytes).
    Removing os_q.o(i.OSQPend), (284 bytes).
    Removing os_q.o(i.OSQPendAbort), (128 bytes).
    Removing os_q.o(i.OSQPost), (114 bytes).
    Removing os_q.o(i.OSQPostFront), (116 bytes).
    Removing os_q.o(i.OSQPostOpt), (182 bytes).
    Removing os_q.o(i.OSQQuery), (98 bytes).
    Removing os_sem.o(i.OSSemAccept), (42 bytes).
    Removing os_sem.o(i.OSSemCreate), (76 bytes).
    Removing os_sem.o(i.OSSemDel), (208 bytes).
    Removing os_sem.o(i.OSSemPend), (236 bytes).
    Removing os_sem.o(i.OSSemPendAbort), (128 bytes).
    Removing os_sem.o(i.OSSemPost), (88 bytes).
    Removing os_sem.o(i.OSSemQuery), (76 bytes).
    Removing os_sem.o(i.OSSemSet), (66 bytes).
    Removing os_task.o(i.OSTaskChangePrio), (328 bytes).
    Removing os_task.o(i.OSTaskDel), (340 bytes).
    Removing os_task.o(i.OSTaskDelReq), (108 bytes).
    Removing os_task.o(i.OSTaskNameGet), (128 bytes).
    Removing os_task.o(i.OSTaskQuery), (92 bytes).
    Removing os_task.o(i.OSTaskRegGet), (68 bytes).
    Removing os_task.o(i.OSTaskRegSet), (72 bytes).
    Removing os_task.o(i.OSTaskResume), (172 bytes).
    Removing os_task.o(i.OS_TaskReturn), (24 bytes).
    Removing os_time.o(i.OSTimeDlyHMSM), (96 bytes).
    Removing os_time.o(i.OSTimeDlyResume), (180 bytes).
    Removing os_time.o(i.OSTimeGet), (28 bytes).
    Removing os_time.o(i.OSTimeSet), (28 bytes).
    Removing os_cpu_c.o(i.OSTaskDelHook), (2 bytes).
    Removing os_cpu_c.o(i.OSTaskReturnHook), (2 bytes).
    Removing os_cpu_c.o(.data), (4 bytes).

158 unused section(s) (total 11506 bytes) removed from the image.

==============================================================================

Image Symbol Table

    Local Symbols

    Symbol Name                              Value     Ov Type        Size  Object(Section)

    ../clib/angel/boardlib.s                 0x00000000   Number         0  boardshut.o ABSOLUTE
    ../clib/angel/boardlib.s                 0x00000000   Number         0  boardinit1.o ABSOLUTE
    ../clib/angel/boardlib.s                 0x00000000   Number         0  boardinit2.o ABSOLUTE
    ../clib/angel/boardlib.s                 0x00000000   Number         0  boardinit3.o ABSOLUTE
    ../clib/angel/handlers.s                 0x00000000   Number         0  __scatter_zi.o ABSOLUTE
    ../clib/angel/handlers.s                 0x00000000   Number         0  __scatter_copy.o ABSOLUTE
    ../clib/angel/kernel.s                   0x00000000   Number         0  rtexit.o ABSOLUTE
    ../clib/angel/kernel.s                   0x00000000   Number         0  rtexit2.o ABSOLUTE
    ../clib/angel/kernel.s                   0x00000000   Number         0  __rtentry2.o ABSOLUTE
    ../clib/angel/kernel.s                   0x00000000   Number         0  __rtentry.o ABSOLUTE
    ../clib/angel/kernel.s                   0x00000000   Number         0  __rtentry4.o ABSOLUTE
    ../clib/angel/rt.s                       0x00000000   Number         0  rt_raise.o ABSOLUTE
    ../clib/angel/rt.s                       0x00000000   Number         0  rt_locale.o ABSOLUTE
    ../clib/angel/rt.s                       0x00000000   Number         0  rt_locale_intlibspace.o ABSOLUTE
    ../clib/angel/scatter.s                  0x00000000   Number         0  __scatter.o ABSOLUTE
    ../clib/angel/startup.s                  0x00000000   Number         0  __main.o ABSOLUTE
    ../clib/angel/sys.s                      0x00000000   Number         0  sys_stackheap_outer.o ABSOLUTE
    ../clib/angel/sys.s                      0x00000000   Number         0  indicate_semi.o ABSOLUTE
    ../clib/angel/sys.s                      0x00000000   Number         0  use_no_semi.o ABSOLUTE
    ../clib/angel/sys.s                      0x00000000   Number         0  libspace.o ABSOLUTE
    ../clib/angel/sys.s                      0x00000000   Number         0  use_no_semi_2.o ABSOLUTE
    ../clib/angel/sysapp.c                   0x00000000   Number         0  sys_command.o ABSOLUTE
    ../clib/angel/sysapp.c                   0x00000000   Number         0  sys_wrch.o ABSOLUTE
    ../clib/armsys.c                         0x00000000   Number         0  no_argv.o ABSOLUTE
    ../clib/armsys.c                         0x00000000   Number         0  _get_argv_nomalloc.o ABSOLUTE
    ../clib/armsys.c                         0x00000000   Number         0  argv_veneer.o ABSOLUTE
    ../clib/armsys.c                         0x00000000   Number         0  argv_veneer.o ABSOLUTE
    ../clib/bigflt.c                         0x00000000   Number         0  bigflt0.o ABSOLUTE
    ../clib/btod.s                           0x00000000   Number         0  btod.o ABSOLUTE
    ../clib/heapalloc.c                      0x00000000   Number         0  hrguard.o ABSOLUTE
    ../clib/heapaux.c                        0x00000000   Number         0  heapauxi.o ABSOLUTE
    ../clib/libinit.s                        0x00000000   Number         0  libinit.o ABSOLUTE
    ../clib/libinit.s                        0x00000000   Number         0  libshutdown.o ABSOLUTE
    ../clib/libinit.s                        0x00000000   Number         0  libinit2.o ABSOLUTE
    ../clib/libinit.s                        0x00000000   Number         0  libshutdown2.o ABSOLUTE
    ../clib/locale.s                         0x00000000   Number         0  lc_numeric_c.o ABSOLUTE
    ../clib/longlong.s                       0x00000000   Number         0  lludiv10.o ABSOLUTE
    ../clib/memcpset.s                       0x00000000   Number         0  strcmpv7m.o ABSOLUTE
    ../clib/misc.s                           0x00000000   Number         0  printf_stubs.o ABSOLUTE
    ../clib/printf.c                         0x00000000   Number         0  __printf_flags_ss.o ABSOLUTE
    ../clib/printf.c                         0x00000000   Number         0  __printf_ss.o ABSOLUTE
    ../clib/printf.c                         0x00000000   Number         0  __printf_flags.o ABSOLUTE
    ../clib/printf.c                         0x00000000   Number         0  __printf_nopercent.o ABSOLUTE
    ../clib/printf.c                         0x00000000   Number         0  noretval__2printf.o ABSOLUTE
    ../clib/printf.c                         0x00000000   Number         0  __printf_flags_wp.o ABSOLUTE
    ../clib/printf.c                         0x00000000   Number         0  _printf_char_common.o ABSOLUTE
    ../clib/printf.c                         0x00000000   Number         0  _printf_fp_infnan.o ABSOLUTE
    ../clib/printf.c                         0x00000000   Number         0  __printf.o ABSOLUTE
    ../clib/printf.c                         0x00000000   Number         0  __2printf.o ABSOLUTE
    ../clib/printf.c                         0x00000000   Number         0  __printf_wp.o ABSOLUTE
    ../clib/printf.c                         0x00000000   Number         0  _printf_fp_dec.o ABSOLUTE
    ../clib/printf.c                         0x00000000   Number         0  __printf_flags_ss_wp.o ABSOLUTE
    ../clib/printf.c                         0x00000000   Number         0  __printf_ss_wp.o ABSOLUTE
    ../clib/printf.c                         0x00000000   Number         0  _printf_char_file.o ABSOLUTE
    ../clib/printf_percent.s                 0x00000000   Number         0  _printf_percent.o ABSOLUTE
    ../clib/printf_percent.s                 0x00000000   Number         0  _printf_percent_end.o ABSOLUTE
    ../clib/printf_percent.s                 0x00000000   Number         0  _printf_f.o ABSOLUTE
    ../clib/signal.c                         0x00000000   Number         0  defsig_rtmem_inner.o ABSOLUTE
    ../clib/signal.c                         0x00000000   Number         0  defsig_general.o ABSOLUTE
    ../clib/signal.c                         0x00000000   Number         0  __raise.o ABSOLUTE
    ../clib/signal.c                         0x00000000   Number         0  defsig_exit.o ABSOLUTE
    ../clib/signal.c                         0x00000000   Number         0  defsig_rtmem_outer.o ABSOLUTE
    ../clib/signal.c                         0x00000000   Number         0  defsig_other.o ABSOLUTE
    ../clib/signal.c                         0x00000000   Number         0  defsig_segv_inner.o ABSOLUTE
    ../clib/signal.c                         0x00000000   Number         0  defsig_cppl_inner.o ABSOLUTE
    ../clib/signal.c                         0x00000000   Number         0  defsig_pvfn_inner.o ABSOLUTE
    ../clib/signal.c                         0x00000000   Number         0  defsig_stak_inner.o ABSOLUTE
    ../clib/signal.c                         0x00000000   Number         0  defsig_rtred_inner.o ABSOLUTE
    ../clib/signal.c                         0x00000000   Number         0  defsig_fpe_inner.o ABSOLUTE
    ../clib/signal.c                         0x00000000   Number         0  defsig_rtmem_formal.o ABSOLUTE
    ../clib/signal.c                         0x00000000   Number         0  defsig_abrt_inner.o ABSOLUTE
    ../clib/signal.s                         0x00000000   Number         0  defsig.o ABSOLUTE
    ../clib/stdio.c                          0x00000000   Number         0  ferror.o ABSOLUTE
    ../clib/stdio.c                          0x00000000   Number         0  ferror_locked.o ABSOLUTE
    ../clib/stdlib.c                         0x00000000   Number         0  exit.o ABSOLUTE
    ../fplib/dretinf.s                       0x00000000   Number         0  dretinf.o ABSOLUTE
    ../fplib/f2d.s                           0x00000000   Number         0  f2d.o ABSOLUTE
    ../fplib/faddsub.s                       0x00000000   Number         0  faddsub_clz.o ABSOLUTE
    ../fplib/fnaninf.s                       0x00000000   Number         0  fnaninf.o ABSOLUTE
    ../fplib/fpinit.s                        0x00000000   Number         0  fpinit.o ABSOLUTE
    ../fplib/fretinf.s                       0x00000000   Number         0  fretinf.o ABSOLUTE
    ../fplib/istatus.s                       0x00000000   Number         0  istatus.o ABSOLUTE
    ../fplib/printf1.s                       0x00000000   Number         0  printf1.o ABSOLUTE
    ../fplib/usenofp.s                       0x00000000   Number         0  usenofp.o ABSOLUTE
    ../mathlib/fpclassify.c                  0x00000000   Number         0  fpclassify.o ABSOLUTE
    ..\CORE\core_cm3.c                       0x00000000   Number         0  core_cm3.o ABSOLUTE
    ..\CORE\startup_stm32f10x_ld.s           0x00000000   Number         0  startup_stm32f10x_ld.o ABSOLUTE
    ..\HARDWARE\LED\led.c                    0x00000000   Number         0  led.o ABSOLUTE
    ..\STM32F10x_FWLib\src\misc.c            0x00000000   Number         0  misc.o ABSOLUTE
    ..\STM32F10x_FWLib\src\stm32f10x_gpio.c  0x00000000   Number         0  stm32f10x_gpio.o ABSOLUTE
    ..\STM32F10x_FWLib\src\stm32f10x_rcc.c   0x00000000   Number         0  stm32f10x_rcc.o ABSOLUTE
    ..\STM32F10x_FWLib\src\stm32f10x_usart.c 0x00000000   Number         0  stm32f10x_usart.o ABSOLUTE
    ..\SYSTEM\delay\delay.c                  0x00000000   Number         0  delay.o ABSOLUTE
    ..\SYSTEM\sys\sys.c                      0x00000000   Number         0  sys.o ABSOLUTE
    ..\SYSTEM\usart\usart.c                  0x00000000   Number         0  usart.o ABSOLUTE
    ..\UCOSII\CORE\os_core.c                 0x00000000   Number         0  os_core.o ABSOLUTE
    ..\UCOSII\CORE\os_flag.c                 0x00000000   Number         0  os_flag.o ABSOLUTE
    ..\UCOSII\CORE\os_mbox.c                 0x00000000   Number         0  os_mbox.o ABSOLUTE
    ..\UCOSII\CORE\os_mem.c                  0x00000000   Number         0  os_mem.o ABSOLUTE
    ..\UCOSII\CORE\os_mutex.c                0x00000000   Number         0  os_mutex.o ABSOLUTE
    ..\UCOSII\CORE\os_q.c                    0x00000000   Number         0  os_q.o ABSOLUTE
    ..\UCOSII\CORE\os_sem.c                  0x00000000   Number         0  os_sem.o ABSOLUTE
    ..\UCOSII\CORE\os_task.c                 0x00000000   Number         0  os_task.o ABSOLUTE
    ..\UCOSII\CORE\os_time.c                 0x00000000   Number         0  os_time.o ABSOLUTE
    ..\UCOSII\CORE\os_tmr.c                  0x00000000   Number         0  os_tmr.o ABSOLUTE
    ..\UCOSII\PORT\os_cpu_a.asm              0x00000000   Number         0  os_cpu_a.o ABSOLUTE
    ..\UCOSII\PORT\os_cpu_c.c                0x00000000   Number         0  os_cpu_c.o ABSOLUTE
    ..\\CORE\\core_cm3.c                     0x00000000   Number         0  core_cm3.o ABSOLUTE
    ..\\SYSTEM\\sys\\sys.c                   0x00000000   Number         0  sys.o ABSOLUTE
    dc.s                                     0x00000000   Number         0  dc.o ABSOLUTE
    main.c                                   0x00000000   Number         0  main.o ABSOLUTE
    stm32f10x_it.c                           0x00000000   Number         0  stm32f10x_it.o ABSOLUTE
    system_stm32f10x.c                       0x00000000   Number         0  system_stm32f10x.o ABSOLUTE
    RESET                                    0x08000000   Section      236  startup_stm32f10x_ld.o(RESET)
    !!!main                                  0x080000ec   Section        8  __main.o(!!!main)
    !!!scatter                               0x080000f4   Section       52  __scatter.o(!!!scatter)
    !!handler_copy                           0x08000128   Section       26  __scatter_copy.o(!!handler_copy)
    !!handler_zi                             0x08000144   Section       28  __scatter_zi.o(!!handler_zi)
    .ARM.Collect$$_printf_percent$$00000000  0x08000160   Section        0  _printf_percent.o(.ARM.Collect$$_printf_percent$$00000000)
    .ARM.Collect$$_printf_percent$$00000003  0x08000160   Section        6  _printf_f.o(.ARM.Collect$$_printf_percent$$00000003)
    .ARM.Collect$$_printf_percent$$00000017  0x08000166   Section        4  _printf_percent_end.o(.ARM.Collect$$_printf_percent$$00000017)
    .ARM.Collect$$libinit$$00000000          0x0800016a   Section        2  libinit.o(.ARM.Collect$$libinit$$00000000)
    .ARM.Collect$$libinit$$00000002          0x0800016c   Section        0  libinit2.o(.ARM.Collect$$libinit$$00000002)
    .ARM.Collect$$libinit$$00000004          0x0800016c   Section        0  libinit2.o(.ARM.Collect$$libinit$$00000004)
    .ARM.Collect$$libinit$$0000000A          0x0800016c   Section        0  libinit2.o(.ARM.Collect$$libinit$$0000000A)
    .ARM.Collect$$libinit$$0000000C          0x0800016c   Section        0  libinit2.o(.ARM.Collect$$libinit$$0000000C)
    .ARM.Collect$$libinit$$0000000E          0x0800016c   Section        0  libinit2.o(.ARM.Collect$$libinit$$0000000E)
    .ARM.Collect$$libinit$$0000000F          0x0800016c   Section        6  libinit2.o(.ARM.Collect$$libinit$$0000000F)
    .ARM.Collect$$libinit$$00000011          0x08000172   Section        0  libinit2.o(.ARM.Collect$$libinit$$00000011)
    .ARM.Collect$$libinit$$00000013          0x08000172   Section        0  libinit2.o(.ARM.Collect$$libinit$$00000013)
    .ARM.Collect$$libinit$$00000015          0x08000172   Section        0  libinit2.o(.ARM.Collect$$libinit$$00000015)
    .ARM.Collect$$libinit$$00000016          0x08000172   Section       10  libinit2.o(.ARM.Collect$$libinit$$00000016)
    .ARM.Collect$$libinit$$00000017          0x0800017c   Section        0  libinit2.o(.ARM.Collect$$libinit$$00000017)
    .ARM.Collect$$libinit$$00000019          0x0800017c   Section        0  libinit2.o(.ARM.Collect$$libinit$$00000019)
    .ARM.Collect$$libinit$$0000001B          0x0800017c   Section        0  libinit2.o(.ARM.Collect$$libinit$$0000001B)
    .ARM.Collect$$libinit$$0000001D          0x0800017c   Section        0  libinit2.o(.ARM.Collect$$libinit$$0000001D)
    .ARM.Collect$$libinit$$0000001F          0x0800017c   Section        0  libinit2.o(.ARM.Collect$$libinit$$0000001F)
    .ARM.Collect$$libinit$$00000021          0x0800017c   Section        0  libinit2.o(.ARM.Collect$$libinit$$00000021)
    .ARM.Collect$$libinit$$00000023          0x0800017c   Section        0  libinit2.o(.ARM.Collect$$libinit$$00000023)
    .ARM.Collect$$libinit$$00000025          0x0800017c   Section        0  libinit2.o(.ARM.Collect$$libinit$$00000025)
    .ARM.Collect$$libinit$$0000002C          0x0800017c   Section        0  libinit2.o(.ARM.Collect$$libinit$$0000002C)
    .ARM.Collect$$libinit$$0000002E          0x0800017c   Section        0  libinit2.o(.ARM.Collect$$libinit$$0000002E)
    .ARM.Collect$$libinit$$00000030          0x0800017c   Section        0  libinit2.o(.ARM.Collect$$libinit$$00000030)
    .ARM.Collect$$libinit$$00000032          0x0800017c   Section        0  libinit2.o(.ARM.Collect$$libinit$$00000032)
    .ARM.Collect$$libinit$$00000033          0x0800017c   Section        2  libinit2.o(.ARM.Collect$$libinit$$00000033)
    .ARM.Collect$$libshutdown$$00000000      0x0800017e   Section        2  libshutdown.o(.ARM.Collect$$libshutdown$$00000000)
    .ARM.Collect$$libshutdown$$00000002      0x08000180   Section        0  libshutdown2.o(.ARM.Collect$$libshutdown$$00000002)
    .ARM.Collect$$libshutdown$$00000004      0x08000180   Section        0  libshutdown2.o(.ARM.Collect$$libshutdown$$00000004)
    .ARM.Collect$$libshutdown$$00000007      0x08000180   Section        0  libshutdown2.o(.ARM.Collect$$libshutdown$$00000007)
    .ARM.Collect$$libshutdown$$0000000A      0x08000180   Section        0  libshutdown2.o(.ARM.Collect$$libshutdown$$0000000A)
    .ARM.Collect$$libshutdown$$0000000C      0x08000180   Section        0  libshutdown2.o(.ARM.Collect$$libshutdown$$0000000C)
    .ARM.Collect$$libshutdown$$0000000F      0x08000180   Section        0  libshutdown2.o(.ARM.Collect$$libshutdown$$0000000F)
    .ARM.Collect$$libshutdown$$00000010      0x08000180   Section        2  libshutdown2.o(.ARM.Collect$$libshutdown$$00000010)
    .ARM.Collect$$rtentry$$00000000          0x08000182   Section        0  __rtentry.o(.ARM.Collect$$rtentry$$00000000)
    .ARM.Collect$$rtentry$$00000002          0x08000182   Section        0  __rtentry2.o(.ARM.Collect$$rtentry$$00000002)
    .ARM.Collect$$rtentry$$00000004          0x08000182   Section        6  __rtentry4.o(.ARM.Collect$$rtentry$$00000004)
    .ARM.Collect$$rtentry$$00000009          0x08000188   Section        0  __rtentry2.o(.ARM.Collect$$rtentry$$00000009)
    .ARM.Collect$$rtentry$$0000000A          0x08000188   Section        4  __rtentry2.o(.ARM.Collect$$rtentry$$0000000A)
    .ARM.Collect$$rtentry$$0000000C          0x0800018c   Section        0  __rtentry2.o(.ARM.Collect$$rtentry$$0000000C)
    .ARM.Collect$$rtentry$$0000000D          0x0800018c   Section        8  __rtentry2.o(.ARM.Collect$$rtentry$$0000000D)
    .ARM.Collect$$rtexit$$00000000           0x08000194   Section        2  rtexit.o(.ARM.Collect$$rtexit$$00000000)
    .ARM.Collect$$rtexit$$00000002           0x08000196   Section        0  rtexit2.o(.ARM.Collect$$rtexit$$00000002)
    .ARM.Collect$$rtexit$$00000003           0x08000196   Section        4  rtexit2.o(.ARM.Collect$$rtexit$$00000003)
    .ARM.Collect$$rtexit$$00000004           0x0800019a   Section        6  rtexit2.o(.ARM.Collect$$rtexit$$00000004)
    .text                                    0x080001a0   Section       64  startup_stm32f10x_ld.o(.text)
    .text                                    0x080001e0   Section      180  os_cpu_a.o(.text)
    .text                                    0x08000294   Section        2  use_no_semi_2.o(.text)
    .text                                    0x08000298   Section        0  noretval__2printf.o(.text)
    .text                                    0x080002b0   Section        0  __printf_wp.o(.text)
    .text                                    0x080003be   Section        0  heapauxi.o(.text)
    .text                                    0x080003c4   Section        2  use_no_semi.o(.text)
    .text                                    0x080003c6   Section        0  _printf_fp_dec.o(.text)
    _fp_digits                               0x080003c9   Thumb Code   428  _printf_fp_dec.o(.text)
    .text                                    0x080007e0   Section        0  _printf_char_file.o(.text)
    .text                                    0x08000804   Section        8  rt_locale_intlibspace.o(.text)
    .text                                    0x0800080c   Section      138  lludiv10.o(.text)
    .text                                    0x08000898   Section        0  _printf_char_common.o(.text)
    _printf_input_char                       0x08000899   Thumb Code    10  _printf_char_common.o(.text)
    .text                                    0x080008c8   Section        0  _printf_fp_infnan.o(.text)
    .text                                    0x08000948   Section        0  bigflt0.o(.text)
    .text                                    0x08000a24   Section        0  ferror.o(.text)
    .text                                    0x08000a2c   Section        8  libspace.o(.text)
    .text                                    0x08000a34   Section       74  sys_stackheap_outer.o(.text)
    .text                                    0x08000a7e   Section        0  exit.o(.text)
    .text                                    0x08000a90   Section      128  strcmpv7m.o(.text)
    CL$$btod_d2e                             0x08000b10   Section       62  btod.o(CL$$btod_d2e)
    CL$$btod_d2e_denorm_low                  0x08000b4e   Section       70  btod.o(CL$$btod_d2e_denorm_low)
    CL$$btod_d2e_norm_op1                    0x08000b94   Section       96  btod.o(CL$$btod_d2e_norm_op1)
    CL$$btod_div_common                      0x08000bf4   Section      824  btod.o(CL$$btod_div_common)
    CL$$btod_e2e                             0x08000f2c   Section      198  btod.o(CL$$btod_e2e)
    CL$$btod_ediv                            0x08000ff2   Section       40  btod.o(CL$$btod_ediv)
    CL$$btod_emul                            0x0800101a   Section       40  btod.o(CL$$btod_emul)
    CL$$btod_mult_common                     0x08001042   Section      580  btod.o(CL$$btod_mult_common)
    i.BusFault_Handler                       0x08001286   Section        0  stm32f10x_it.o(i.BusFault_Handler)
    i.DebugMon_Handler                       0x0800128a   Section        0  stm32f10x_it.o(i.DebugMon_Handler)
    i.GPIO_Init                              0x0800128c   Section        0  stm32f10x_gpio.o(i.GPIO_Init)
    i.GPIO_ResetBits                         0x080013a2   Section        0  stm32f10x_gpio.o(i.GPIO_ResetBits)
    i.GPIO_SetBits                           0x080013a6   Section        0  stm32f10x_gpio.o(i.GPIO_SetBits)
    i.HardFault_Handler                      0x080013aa   Section        0  stm32f10x_it.o(i.HardFault_Handler)
    i.LED0_OFF                               0x080013b0   Section        0  led.o(i.LED0_OFF)
    i.LED0_ON                                0x080013c0   Section        0  led.o(i.LED0_ON)
    i.LED1_OFF                               0x080013d0   Section        0  led.o(i.LED1_OFF)
    i.LED1_ON                                0x080013e0   Section        0  led.o(i.LED1_ON)
    i.LED_Init                               0x080013f0   Section        0  led.o(i.LED_Init)
    i.MemManage_Handler                      0x08001424   Section        0  stm32f10x_it.o(i.MemManage_Handler)
    i.NMI_Handler                            0x08001428   Section        0  stm32f10x_it.o(i.NMI_Handler)
    i.NVIC_Init                              0x0800142c   Section        0  misc.o(i.NVIC_Init)
    i.NVIC_PriorityGroupConfig               0x0800149c   Section        0  misc.o(i.NVIC_PriorityGroupConfig)
    i.OSInit                                 0x080014b0   Section        0  os_core.o(i.OSInit)
    i.OSInitHookBegin                        0x080014dc   Section        0  os_cpu_c.o(i.OSInitHookBegin)
    i.OSInitHookEnd                          0x080014de   Section        0  os_cpu_c.o(i.OSInitHookEnd)
    i.OSIntEnter                             0x080014e0   Section        0  os_core.o(i.OSIntEnter)
    i.OSIntExit                              0x08001504   Section        0  os_core.o(i.OSIntExit)
    i.OSSchedLock                            0x08001594   Section        0  os_core.o(i.OSSchedLock)
    i.OSSchedUnlock                          0x080015d4   Section        0  os_core.o(i.OSSchedUnlock)
    i.OSStart                                0x08001634   Section        0  os_core.o(i.OSStart)
    i.OSStatInit                             0x0800167c   Section        0  os_core.o(i.OSStatInit)
    i.OSTCBInitHook                          0x080016c8   Section        0  os_cpu_c.o(i.OSTCBInitHook)
    i.OSTaskCreate                           0x080016cc   Section        0  os_task.o(i.OSTaskCreate)
    i.OSTaskCreateExt                        0x0800176c   Section        0  os_task.o(i.OSTaskCreateExt)
    i.OSTaskCreateHook                       0x08001824   Section        0  os_cpu_c.o(i.OSTaskCreateHook)
    i.OSTaskIdleHook                         0x08001826   Section        0  os_cpu_c.o(i.OSTaskIdleHook)
    i.OSTaskNameSet                          0x08001828   Section        0  os_task.o(i.OSTaskNameSet)
    i.OSTaskStatHook                         0x08001898   Section        0  os_cpu_c.o(i.OSTaskStatHook)
    i.OSTaskStkChk                           0x0800189c   Section        0  os_task.o(i.OSTaskStkChk)
    i.OSTaskStkInit                          0x08001928   Section        0  os_cpu_c.o(i.OSTaskStkInit)
    i.OSTaskSuspend                          0x080019c4   Section        0  os_task.o(i.OSTaskSuspend)
    i.OSTaskSwHook                           0x08001a6c   Section        0  os_cpu_c.o(i.OSTaskSwHook)
    i.OSTimeDly                              0x08001a70   Section        0  os_time.o(i.OSTimeDly)
    i.OSTimeTick                             0x08001ae8   Section        0  os_core.o(i.OSTimeTick)
    i.OSTimeTickHook                         0x08001bd4   Section        0  os_cpu_c.o(i.OSTimeTickHook)
    i.OS_FlagInit                            0x08001bd8   Section        0  os_flag.o(i.OS_FlagInit)
    i.OS_InitEventList                       0x08001c30   Section        0  os_core.o(i.OS_InitEventList)
    OS_InitEventList                         0x08001c31   Thumb Code    74  os_core.o(i.OS_InitEventList)
    i.OS_InitMisc                            0x08001c84   Section        0  os_core.o(i.OS_InitMisc)
    OS_InitMisc                              0x08001c85   Thumb Code    44  os_core.o(i.OS_InitMisc)
    i.OS_InitRdyList                         0x08001cd8   Section        0  os_core.o(i.OS_InitRdyList)
    OS_InitRdyList                           0x08001cd9   Thumb Code    44  os_core.o(i.OS_InitRdyList)
    i.OS_InitTCBList                         0x08001d1c   Section        0  os_core.o(i.OS_InitTCBList)
    OS_InitTCBList                           0x08001d1d   Thumb Code   106  os_core.o(i.OS_InitTCBList)
    i.OS_InitTaskIdle                        0x08001d9c   Section        0  os_core.o(i.OS_InitTaskIdle)
    OS_InitTaskIdle                          0x08001d9d   Thumb Code    50  os_core.o(i.OS_InitTaskIdle)
    i.OS_InitTaskStat                        0x08001dec   Section        0  os_core.o(i.OS_InitTaskStat)
    OS_InitTaskStat                          0x08001ded   Thumb Code    50  os_core.o(i.OS_InitTaskStat)
    i.OS_MemClr                              0x08001e3c   Section        0  os_core.o(i.OS_MemClr)
    i.OS_QInit                               0x08001e50   Section        0  os_q.o(i.OS_QInit)
    i.OS_Sched                               0x08001ea0   Section        0  os_core.o(i.OS_Sched)
    i.OS_SchedNew                            0x08001f14   Section        0  os_core.o(i.OS_SchedNew)
    OS_SchedNew                              0x08001f15   Thumb Code    26  os_core.o(i.OS_SchedNew)
    i.OS_TCBInit                             0x08001f40   Section        0  os_core.o(i.OS_TCBInit)
    i.OS_TaskIdle                            0x08002074   Section        0  os_core.o(i.OS_TaskIdle)
    i.OS_TaskStat                            0x0800209c   Section        0  os_core.o(i.OS_TaskStat)
    i.OS_TaskStatStkChk                      0x08002124   Section        0  os_core.o(i.OS_TaskStatStkChk)
    i.OS_TaskStkClr                          0x08002160   Section        0  os_task.o(i.OS_TaskStkClr)
    i.RCC_APB2PeriphClockCmd                 0x0800217c   Section        0  stm32f10x_rcc.o(i.RCC_APB2PeriphClockCmd)
    i.RCC_GetClocksFreq                      0x0800219c   Section        0  stm32f10x_rcc.o(i.RCC_GetClocksFreq)
    i.SVC_Handler                            0x08002270   Section        0  stm32f10x_it.o(i.SVC_Handler)
    i.SetSysClock                            0x08002272   Section        0  system_stm32f10x.o(i.SetSysClock)
    SetSysClock                              0x08002273   Thumb Code     8  system_stm32f10x.o(i.SetSysClock)
    i.SetSysClockTo72                        0x0800227c   Section        0  system_stm32f10x.o(i.SetSysClockTo72)
    SetSysClockTo72                          0x0800227d   Thumb Code   214  system_stm32f10x.o(i.SetSysClockTo72)
    i.SysTick_CLKSourceConfig                0x0800235c   Section        0  misc.o(i.SysTick_CLKSourceConfig)
    i.SysTick_Handler                        0x08002384   Section        0  delay.o(i.SysTick_Handler)
    i.SystemInit                             0x080023a0   Section        0  system_stm32f10x.o(i.SystemInit)
    i.USART1_IRQHandler                      0x08002400   Section        0  usart.o(i.USART1_IRQHandler)
    i.USART_Cmd                              0x08002490   Section        0  stm32f10x_usart.o(i.USART_Cmd)
    i.USART_GetITStatus                      0x080024a8   Section        0  stm32f10x_usart.o(i.USART_GetITStatus)
    i.USART_ITConfig                         0x080024fc   Section        0  stm32f10x_usart.o(i.USART_ITConfig)
    i.USART_Init                             0x08002548   Section        0  stm32f10x_usart.o(i.USART_Init)
    i.USART_ReceiveData                      0x08002620   Section        0  stm32f10x_usart.o(i.USART_ReceiveData)
    i.UsageFault_Handler                     0x0800262a   Section        0  stm32f10x_it.o(i.UsageFault_Handler)
    i.__ARM_fpclassify                       0x0800262e   Section        0  fpclassify.o(i.__ARM_fpclassify)
    i._is_digit                              0x08002656   Section        0  __printf_wp.o(i._is_digit)
    i._sys_exit                              0x08002664   Section        0  usart.o(i._sys_exit)
    i.delay_init                             0x08002668   Section        0  delay.o(i.delay_init)
    i.delay_ms                               0x080026c4   Section        0  delay.o(i.delay_ms)
    i.delay_osschedlock                      0x08002714   Section        0  delay.o(i.delay_osschedlock)
    i.delay_osschedunlock                    0x0800271c   Section        0  delay.o(i.delay_osschedunlock)
    i.delay_ostimedly                        0x08002724   Section        0  delay.o(i.delay_ostimedly)
    i.delay_us                               0x08002730   Section        0  delay.o(i.delay_us)
    i.float_task                             0x0800278c   Section        0  main.o(i.float_task)
    i.fputc                                  0x080027e8   Section        0  usart.o(i.fputc)
    i.led0_task                              0x08002804   Section        0  main.o(i.led0_task)
    i.led1_task                              0x08002820   Section        0  main.o(i.led1_task)
    i.main                                   0x0800283c   Section        0  main.o(i.main)
    i.start_task                             0x08002878   Section        0  main.o(i.start_task)
    i.uart_init                              0x080028d4   Section        0  usart.o(i.uart_init)
    locale$$code                             0x08002974   Section       44  lc_numeric_c.o(locale$$code)
    x$fpl$dretinf                            0x080029a0   Section       12  dretinf.o(x$fpl$dretinf)
    x$fpl$f2d                                0x080029ac   Section       86  f2d.o(x$fpl$f2d)
    x$fpl$fadd                               0x08002a04   Section      196  faddsub_clz.o(x$fpl$fadd)
    _fadd1                                   0x08002a13   Thumb Code     0  faddsub_clz.o(x$fpl$fadd)
    x$fpl$fnaninf                            0x08002ac8   Section      140  fnaninf.o(x$fpl$fnaninf)
    x$fpl$fretinf                            0x08002b54   Section       10  fretinf.o(x$fpl$fretinf)
    x$fpl$fsub                               0x08002b60   Section      234  faddsub_clz.o(x$fpl$fsub)
    _fsub1                                   0x08002b6f   Thumb Code     0  faddsub_clz.o(x$fpl$fsub)
    x$fpl$printf1                            0x08002c4a   Section        4  printf1.o(x$fpl$printf1)
    .constdata                               0x08002c4e   Section      256  os_core.o(.constdata)
    x$fpl$usenofp                            0x08002c4e   Section        0  usenofp.o(x$fpl$usenofp)
    .constdata                               0x08002d50   Section      148  bigflt0.o(.constdata)
    tenpwrs_x                                0x08002d50   Data          60  bigflt0.o(.constdata)
    tenpwrs_i                                0x08002d8c   Data          64  bigflt0.o(.constdata)
    locale$$data                             0x08002e04   Section       28  lc_numeric_c.o(locale$$data)
    __lcnum_c_name                           0x08002e08   Data           2  lc_numeric_c.o(locale$$data)
    __lcnum_c_start                          0x08002e10   Data           0  lc_numeric_c.o(locale$$data)
    __lcnum_c_point                          0x08002e1c   Data           0  lc_numeric_c.o(locale$$data)
    __lcnum_c_thousands                      0x08002e1e   Data           0  lc_numeric_c.o(locale$$data)
    __lcnum_c_grouping                       0x08002e1f   Data           0  lc_numeric_c.o(locale$$data)
    __lcnum_c_end                            0x08002e20   Data           0  lc_numeric_c.o(locale$$data)
    .data                                    0x20000000   Section        4  main.o(.data)
    float_num                                0x20000000   Data           4  main.o(.data)
    .data                                    0x20000004   Section       20  system_stm32f10x.o(.data)
    .data                                    0x20000018   Section        4  delay.o(.data)
    fac_us                                   0x20000018   Data           1  delay.o(.data)
    fac_ms                                   0x2000001a   Data           2  delay.o(.data)
    .data                                    0x2000001c   Section        6  usart.o(.data)
    .data                                    0x20000022   Section       20  stm32f10x_rcc.o(.data)
    APBAHBPrescTable                         0x20000022   Data          16  stm32f10x_rcc.o(.data)
    ADCPrescTable                            0x20000032   Data           4  stm32f10x_rcc.o(.data)
    .data                                    0x20000038   Section       72  os_core.o(.data)
    .bss                                     0x20000080   Section     1536  main.o(.bss)
    .bss                                     0x20000680   Section      200  usart.o(.bss)
    .bss                                     0x20000748   Section     2688  os_core.o(.bss)
    .bss                                     0x200011c8   Section       96  libspace.o(.bss)
    HEAP                                     0x20001228   Section      512  startup_stm32f10x_ld.o(HEAP)
    Heap_Mem                                 0x20001228   Data         512  startup_stm32f10x_ld.o(HEAP)
    STACK                                    0x20001428   Section     1024  startup_stm32f10x_ld.o(STACK)
    Stack_Mem                                0x20001428   Data        1024  startup_stm32f10x_ld.o(STACK)
    __initial_sp                             0x20001828   Data           0  startup_stm32f10x_ld.o(STACK)

    Global Symbols

    Symbol Name                              Value     Ov Type        Size  Object(Section)

    BuildAttributes$$THM_ISAv4$P$D$K$B$S$PE$A:L22UL41UL21$X:L11$S22US41US21$IEEE1$IW$USESV6$~STKCKD$USESV7$~SHL$OTIME$ROPI$IEEEJ$EBA8$UX$STANDARDLIB$REQ8$PRES8$EABIv2 0x00000000   Number         0  anon$$obj.o ABSOLUTE
    __ARM_use_no_argv                        0x00000000   Number         0  main.o ABSOLUTE
    _printf_flags                            0x00000000   Number         0  printf_stubs.o ABSOLUTE
    _printf_return_value                     0x00000000   Number         0  printf_stubs.o ABSOLUTE
    _printf_sizespec                         0x00000000   Number         0  printf_stubs.o ABSOLUTE
    _printf_widthprec                        0x00000000   Number         0  printf_stubs.o ABSOLUTE
    __ARM_exceptions_init                     - Undefined Weak Reference
    __alloca_initialize                       - Undefined Weak Reference
    __arm_preinit_                            - Undefined Weak Reference
    __cpp_initialize__aeabi_                  - Undefined Weak Reference
    __cxa_finalize                            - Undefined Weak Reference
    __sigvec_lookup                           - Undefined Weak Reference
    _atexit_init                              - Undefined Weak Reference
    _call_atexit_fns                          - Undefined Weak Reference
    _clock_init                               - Undefined Weak Reference
    _fp_trap_init                             - Undefined Weak Reference
    _fp_trap_shutdown                         - Undefined Weak Reference
    _get_lc_collate                           - Undefined Weak Reference
    _get_lc_ctype                             - Undefined Weak Reference
    _get_lc_monetary                          - Undefined Weak Reference
    _get_lc_time                              - Undefined Weak Reference
    _getenv_init                              - Undefined Weak Reference
    _handle_redirection                       - Undefined Weak Reference
    _init_alloc                               - Undefined Weak Reference
    _init_user_alloc                          - Undefined Weak Reference
    _initio                                   - Undefined Weak Reference
    _mutex_acquire                            - Undefined Weak Reference
    _mutex_release                            - Undefined Weak Reference
    _printf_post_padding                      - Undefined Weak Reference
    _printf_pre_padding                       - Undefined Weak Reference
    _rand_init                                - Undefined Weak Reference
    _signal_finish                            - Undefined Weak Reference
    _signal_init                              - Undefined Weak Reference
    _terminate_alloc                          - Undefined Weak Reference
    _terminate_user_alloc                     - Undefined Weak Reference
    _terminateio                              - Undefined Weak Reference
    __Vectors_Size                           0x000000ec   Number         0  startup_stm32f10x_ld.o ABSOLUTE
    __Vectors                                0x08000000   Data           4  startup_stm32f10x_ld.o(RESET)
    __Vectors_End                            0x080000ec   Data           0  startup_stm32f10x_ld.o(RESET)
    __main                                   0x080000ed   Thumb Code     8  __main.o(!!!main)
    __scatterload                            0x080000f5   Thumb Code     0  __scatter.o(!!!scatter)
    __scatterload_rt2                        0x080000f5   Thumb Code    44  __scatter.o(!!!scatter)
    __scatterload_rt2_thumb_only             0x080000f5   Thumb Code     0  __scatter.o(!!!scatter)
    __scatterload_null                       0x08000103   Thumb Code     0  __scatter.o(!!!scatter)
    __scatterload_copy                       0x08000129   Thumb Code    26  __scatter_copy.o(!!handler_copy)
    __scatterload_zeroinit                   0x08000145   Thumb Code    28  __scatter_zi.o(!!handler_zi)
    _printf_f                                0x08000161   Thumb Code     0  _printf_f.o(.ARM.Collect$$_printf_percent$$00000003)
    _printf_percent                          0x08000161   Thumb Code     0  _printf_percent.o(.ARM.Collect$$_printf_percent$$00000000)
    _printf_percent_end                      0x08000167   Thumb Code     0  _printf_percent_end.o(.ARM.Collect$$_printf_percent$$00000017)
    __rt_lib_init                            0x0800016b   Thumb Code     0  libinit.o(.ARM.Collect$$libinit$$00000000)
    __rt_lib_init_fp_1                       0x0800016d   Thumb Code     0  libinit2.o(.ARM.Collect$$libinit$$00000002)
    __rt_lib_init_heap_1                     0x0800016d   Thumb Code     0  libinit2.o(.ARM.Collect$$libinit$$0000000A)
    __rt_lib_init_lc_common                  0x0800016d   Thumb Code     0  libinit2.o(.ARM.Collect$$libinit$$0000000F)
    __rt_lib_init_preinit_1                  0x0800016d   Thumb Code     0  libinit2.o(.ARM.Collect$$libinit$$00000004)
    __rt_lib_init_rand_1                     0x0800016d   Thumb Code     0  libinit2.o(.ARM.Collect$$libinit$$0000000E)
    __rt_lib_init_user_alloc_1               0x0800016d   Thumb Code     0  libinit2.o(.ARM.Collect$$libinit$$0000000C)
    __rt_lib_init_lc_collate_1               0x08000173   Thumb Code     0  libinit2.o(.ARM.Collect$$libinit$$00000011)
    __rt_lib_init_lc_ctype_1                 0x08000173   Thumb Code     0  libinit2.o(.ARM.Collect$$libinit$$00000013)
    __rt_lib_init_lc_monetary_1              0x08000173   Thumb Code     0  libinit2.o(.ARM.Collect$$libinit$$00000015)
    __rt_lib_init_lc_numeric_2               0x08000173   Thumb Code     0  libinit2.o(.ARM.Collect$$libinit$$00000016)
    __rt_lib_init_alloca_1                   0x0800017d   Thumb Code     0  libinit2.o(.ARM.Collect$$libinit$$0000002E)
    __rt_lib_init_argv_1                     0x0800017d   Thumb Code     0  libinit2.o(.ARM.Collect$$libinit$$0000002C)
    __rt_lib_init_atexit_1                   0x0800017d   Thumb Code     0  libinit2.o(.ARM.Collect$$libinit$$0000001B)
    __rt_lib_init_clock_1                    0x0800017d   Thumb Code     0  libinit2.o(.ARM.Collect$$libinit$$00000021)
    __rt_lib_init_cpp_1                      0x0800017d   Thumb Code     0  libinit2.o(.ARM.Collect$$libinit$$00000032)
    __rt_lib_init_exceptions_1               0x0800017d   Thumb Code     0  libinit2.o(.ARM.Collect$$libinit$$00000030)
    __rt_lib_init_fp_trap_1                  0x0800017d   Thumb Code     0  libinit2.o(.ARM.Collect$$libinit$$0000001F)
    __rt_lib_init_getenv_1                   0x0800017d   Thumb Code     0  libinit2.o(.ARM.Collect$$libinit$$00000023)
    __rt_lib_init_lc_numeric_1               0x0800017d   Thumb Code     0  libinit2.o(.ARM.Collect$$libinit$$00000017)
    __rt_lib_init_lc_time_1                  0x0800017d   Thumb Code     0  libinit2.o(.ARM.Collect$$libinit$$00000019)
    __rt_lib_init_return                     0x0800017d   Thumb Code     0  libinit2.o(.ARM.Collect$$libinit$$00000033)
    __rt_lib_init_signal_1                   0x0800017d   Thumb Code     0  libinit2.o(.ARM.Collect$$libinit$$0000001D)
    __rt_lib_init_stdio_1                    0x0800017d   Thumb Code     0  libinit2.o(.ARM.Collect$$libinit$$00000025)
    __rt_lib_shutdown                        0x0800017f   Thumb Code     0  libshutdown.o(.ARM.Collect$$libshutdown$$00000000)
    __rt_lib_shutdown_cpp_1                  0x08000181   Thumb Code     0  libshutdown2.o(.ARM.Collect$$libshutdown$$00000002)
    __rt_lib_shutdown_fp_trap_1              0x08000181   Thumb Code     0  libshutdown2.o(.ARM.Collect$$libshutdown$$00000007)
    __rt_lib_shutdown_heap_1                 0x08000181   Thumb Code     0  libshutdown2.o(.ARM.Collect$$libshutdown$$0000000F)
    __rt_lib_shutdown_return                 0x08000181   Thumb Code     0  libshutdown2.o(.ARM.Collect$$libshutdown$$00000010)
    __rt_lib_shutdown_signal_1               0x08000181   Thumb Code     0  libshutdown2.o(.ARM.Collect$$libshutdown$$0000000A)
    __rt_lib_shutdown_stdio_1                0x08000181   Thumb Code     0  libshutdown2.o(.ARM.Collect$$libshutdown$$00000004)
    __rt_lib_shutdown_user_alloc_1           0x08000181   Thumb Code     0  libshutdown2.o(.ARM.Collect$$libshutdown$$0000000C)
    __rt_entry                               0x08000183   Thumb Code     0  __rtentry.o(.ARM.Collect$$rtentry$$00000000)
    __rt_entry_presh_1                       0x08000183   Thumb Code     0  __rtentry2.o(.ARM.Collect$$rtentry$$00000002)
    __rt_entry_sh                            0x08000183   Thumb Code     0  __rtentry4.o(.ARM.Collect$$rtentry$$00000004)
    __rt_entry_li                            0x08000189   Thumb Code     0  __rtentry2.o(.ARM.Collect$$rtentry$$0000000A)
    __rt_entry_postsh_1                      0x08000189   Thumb Code     0  __rtentry2.o(.ARM.Collect$$rtentry$$00000009)
    __rt_entry_main                          0x0800018d   Thumb Code     0  __rtentry2.o(.ARM.Collect$$rtentry$$0000000D)
    __rt_entry_postli_1                      0x0800018d   Thumb Code     0  __rtentry2.o(.ARM.Collect$$rtentry$$0000000C)
    __rt_exit                                0x08000195   Thumb Code     0  rtexit.o(.ARM.Collect$$rtexit$$00000000)
    __rt_exit_ls                             0x08000197   Thumb Code     0  rtexit2.o(.ARM.Collect$$rtexit$$00000003)
    __rt_exit_prels_1                        0x08000197   Thumb Code     0  rtexit2.o(.ARM.Collect$$rtexit$$00000002)
    __rt_exit_exit                           0x0800019b   Thumb Code     0  rtexit2.o(.ARM.Collect$$rtexit$$00000004)
    Reset_Handler                            0x080001a1   Thumb Code     8  startup_stm32f10x_ld.o(.text)
    ADC1_2_IRQHandler                        0x080001bb   Thumb Code     0  startup_stm32f10x_ld.o(.text)
    CAN1_RX1_IRQHandler                      0x080001bb   Thumb Code     0  startup_stm32f10x_ld.o(.text)
    CAN1_SCE_IRQHandler                      0x080001bb   Thumb Code     0  startup_stm32f10x_ld.o(.text)
    DMA1_Channel1_IRQHandler                 0x080001bb   Thumb Code     0  startup_stm32f10x_ld.o(.text)
    DMA1_Channel2_IRQHandler                 0x080001bb   Thumb Code     0  startup_stm32f10x_ld.o(.text)
    DMA1_Channel3_IRQHandler                 0x080001bb   Thumb Code     0  startup_stm32f10x_ld.o(.text)
    DMA1_Channel4_IRQHandler                 0x080001bb   Thumb Code     0  startup_stm32f10x_ld.o(.text)
    DMA1_Channel5_IRQHandler                 0x080001bb   Thumb Code     0  startup_stm32f10x_ld.o(.text)
    DMA1_Channel6_IRQHandler                 0x080001bb   Thumb Code     0  startup_stm32f10x_ld.o(.text)
    DMA1_Channel7_IRQHandler                 0x080001bb   Thumb Code     0  startup_stm32f10x_ld.o(.text)
    EXTI0_IRQHandler                         0x080001bb   Thumb Code     0  startup_stm32f10x_ld.o(.text)
    EXTI15_10_IRQHandler                     0x080001bb   Thumb Code     0  startup_stm32f10x_ld.o(.text)
    EXTI1_IRQHandler                         0x080001bb   Thumb Code     0  startup_stm32f10x_ld.o(.text)
    EXTI2_IRQHandler                         0x080001bb   Thumb Code     0  startup_stm32f10x_ld.o(.text)
    EXTI3_IRQHandler                         0x080001bb   Thumb Code     0  startup_stm32f10x_ld.o(.text)
    EXTI4_IRQHandler                         0x080001bb   Thumb Code     0  startup_stm32f10x_ld.o(.text)
    EXTI9_5_IRQHandler                       0x080001bb   Thumb Code     0  startup_stm32f10x_ld.o(.text)
    FLASH_IRQHandler                         0x080001bb   Thumb Code     0  startup_stm32f10x_ld.o(.text)
    I2C1_ER_IRQHandler                       0x080001bb   Thumb Code     0  startup_stm32f10x_ld.o(.text)
    I2C1_EV_IRQHandler                       0x080001bb   Thumb Code     0  startup_stm32f10x_ld.o(.text)
    PVD_IRQHandler                           0x080001bb   Thumb Code     0  startup_stm32f10x_ld.o(.text)
    RCC_IRQHandler                           0x080001bb   Thumb Code     0  startup_stm32f10x_ld.o(.text)
    RTCAlarm_IRQHandler                      0x080001bb   Thumb Code     0  startup_stm32f10x_ld.o(.text)
    RTC_IRQHandler                           0x080001bb   Thumb Code     0  startup_stm32f10x_ld.o(.text)
    SPI1_IRQHandler                          0x080001bb   Thumb Code     0  startup_stm32f10x_ld.o(.text)
    TAMPER_IRQHandler                        0x080001bb   Thumb Code     0  startup_stm32f10x_ld.o(.text)
    TIM1_BRK_IRQHandler                      0x080001bb   Thumb Code     0  startup_stm32f10x_ld.o(.text)
    TIM1_CC_IRQHandler                       0x080001bb   Thumb Code     0  startup_stm32f10x_ld.o(.text)
    TIM1_TRG_COM_IRQHandler                  0x080001bb   Thumb Code     0  startup_stm32f10x_ld.o(.text)
    TIM1_UP_IRQHandler                       0x080001bb   Thumb Code     0  startup_stm32f10x_ld.o(.text)
    TIM2_IRQHandler                          0x080001bb   Thumb Code     0  startup_stm32f10x_ld.o(.text)
    TIM3_IRQHandler                          0x080001bb   Thumb Code     0  startup_stm32f10x_ld.o(.text)
    USART2_IRQHandler                        0x080001bb   Thumb Code     0  startup_stm32f10x_ld.o(.text)
    USBWakeUp_IRQHandler                     0x080001bb   Thumb Code     0  startup_stm32f10x_ld.o(.text)
    USB_HP_CAN1_TX_IRQHandler                0x080001bb   Thumb Code     0  startup_stm32f10x_ld.o(.text)
    USB_LP_CAN1_RX0_IRQHandler               0x080001bb   Thumb Code     0  startup_stm32f10x_ld.o(.text)
    WWDG_IRQHandler                          0x080001bb   Thumb Code     0  startup_stm32f10x_ld.o(.text)
    __user_initial_stackheap                 0x080001bd   Thumb Code     0  startup_stm32f10x_ld.o(.text)
    OS_CPU_SR_Save                           0x080001e1   Thumb Code     0  os_cpu_a.o(.text)
    OS_CPU_SR_Restore                        0x080001e9   Thumb Code     0  os_cpu_a.o(.text)
    OSStartHighRdy                           0x080001ef   Thumb Code     0  os_cpu_a.o(.text)
    OSCtxSw                                  0x08000211   Thumb Code     0  os_cpu_a.o(.text)
    OSIntCtxSw                               0x0800021f   Thumb Code     0  os_cpu_a.o(.text)
    PendSV_Handler                           0x0800022f   Thumb Code     0  os_cpu_a.o(.text)
    __use_no_semihosting                     0x08000295   Thumb Code     2  use_no_semi_2.o(.text)
    __2printf                                0x08000299   Thumb Code    20  noretval__2printf.o(.text)
    __printf                                 0x080002b1   Thumb Code   270  __printf_wp.o(.text)
    __use_two_region_memory                  0x080003bf   Thumb Code     2  heapauxi.o(.text)
    __rt_heap_escrow$2region                 0x080003c1   Thumb Code     2  heapauxi.o(.text)
    __rt_heap_expand$2region                 0x080003c3   Thumb Code     2  heapauxi.o(.text)
    __I$use$semihosting                      0x080003c5   Thumb Code     0  use_no_semi.o(.text)
    __use_no_semihosting_swi                 0x080003c5   Thumb Code     2  use_no_semi.o(.text)
    __lib_sel_fp_printf                      0x080003c7   Thumb Code     2  _printf_fp_dec.o(.text)
    _printf_fp_dec_real                      0x08000575   Thumb Code   620  _printf_fp_dec.o(.text)
    _printf_char_file                        0x080007e1   Thumb Code    32  _printf_char_file.o(.text)
    __rt_locale                              0x08000805   Thumb Code     8  rt_locale_intlibspace.o(.text)
    _ll_udiv10                               0x0800080d   Thumb Code   138  lludiv10.o(.text)
    _printf_char_common                      0x080008a3   Thumb Code    32  _printf_char_common.o(.text)
    _printf_fp_infnan                        0x080008c9   Thumb Code   112  _printf_fp_infnan.o(.text)
    _btod_etento                             0x08000949   Thumb Code   216  bigflt0.o(.text)
    ferror                                   0x08000a25   Thumb Code     8  ferror.o(.text)
    __user_libspace                          0x08000a2d   Thumb Code     8  libspace.o(.text)
    __user_perproc_libspace                  0x08000a2d   Thumb Code     0  libspace.o(.text)
    __user_perthread_libspace                0x08000a2d   Thumb Code     0  libspace.o(.text)
    __user_setup_stackheap                   0x08000a35   Thumb Code    74  sys_stackheap_outer.o(.text)
    exit                                     0x08000a7f   Thumb Code    18  exit.o(.text)
    strcmp                                   0x08000a91   Thumb Code   128  strcmpv7m.o(.text)
    _btod_d2e                                0x08000b11   Thumb Code    62  btod.o(CL$$btod_d2e)
    _d2e_denorm_low                          0x08000b4f   Thumb Code    70  btod.o(CL$$btod_d2e_denorm_low)
    _d2e_norm_op1                            0x08000b95   Thumb Code    96  btod.o(CL$$btod_d2e_norm_op1)
    __btod_div_common                        0x08000bf5   Thumb Code   696  btod.o(CL$$btod_div_common)
    _e2e                                     0x08000f2d   Thumb Code   198  btod.o(CL$$btod_e2e)
    _btod_ediv                               0x08000ff3   Thumb Code    40  btod.o(CL$$btod_ediv)
    _btod_emul                               0x0800101b   Thumb Code    40  btod.o(CL$$btod_emul)
    __btod_mult_common                       0x08001043   Thumb Code   580  btod.o(CL$$btod_mult_common)
    BusFault_Handler                         0x08001287   Thumb Code     4  stm32f10x_it.o(i.BusFault_Handler)
    DebugMon_Handler                         0x0800128b   Thumb Code     2  stm32f10x_it.o(i.DebugMon_Handler)
    GPIO_Init                                0x0800128d   Thumb Code   278  stm32f10x_gpio.o(i.GPIO_Init)
    GPIO_ResetBits                           0x080013a3   Thumb Code     4  stm32f10x_gpio.o(i.GPIO_ResetBits)
    GPIO_SetBits                             0x080013a7   Thumb Code     4  stm32f10x_gpio.o(i.GPIO_SetBits)
    HardFault_Handler                        0x080013ab   Thumb Code     4  stm32f10x_it.o(i.HardFault_Handler)
    LED0_OFF                                 0x080013b1   Thumb Code    12  led.o(i.LED0_OFF)
    LED0_ON                                  0x080013c1   Thumb Code    12  led.o(i.LED0_ON)
    LED1_OFF                                 0x080013d1   Thumb Code    12  led.o(i.LED1_OFF)
    LED1_ON                                  0x080013e1   Thumb Code    12  led.o(i.LED1_ON)
    LED_Init                                 0x080013f1   Thumb Code    46  led.o(i.LED_Init)
    MemManage_Handler                        0x08001425   Thumb Code     4  stm32f10x_it.o(i.MemManage_Handler)
    NMI_Handler                              0x08001429   Thumb Code     2  stm32f10x_it.o(i.NMI_Handler)
    NVIC_Init                                0x0800142d   Thumb Code   100  misc.o(i.NVIC_Init)
    NVIC_PriorityGroupConfig                 0x0800149d   Thumb Code    10  misc.o(i.NVIC_PriorityGroupConfig)
    OSInit                                   0x080014b1   Thumb Code    44  os_core.o(i.OSInit)
    OSInitHookBegin                          0x080014dd   Thumb Code     2  os_cpu_c.o(i.OSInitHookBegin)
    OSInitHookEnd                            0x080014df   Thumb Code     2  os_cpu_c.o(i.OSInitHookEnd)
    OSIntEnter                               0x080014e1   Thumb Code    28  os_core.o(i.OSIntEnter)
    OSIntExit                                0x08001505   Thumb Code   112  os_core.o(i.OSIntExit)
    OSSchedLock                              0x08001595   Thumb Code    50  os_core.o(i.OSSchedLock)
    OSSchedUnlock                            0x080015d5   Thumb Code    82  os_core.o(i.OSSchedUnlock)
    OSStart                                  0x08001635   Thumb Code    48  os_core.o(i.OSStart)
    OSStatInit                               0x0800167d   Thumb Code    62  os_core.o(i.OSStatInit)
    OSTCBInitHook                            0x080016c9   Thumb Code     2  os_cpu_c.o(i.OSTCBInitHook)
    OSTaskCreate                             0x080016cd   Thumb Code   148  os_task.o(i.OSTaskCreate)
    OSTaskCreateExt                          0x0800176d   Thumb Code   170  os_task.o(i.OSTaskCreateExt)
    OSTaskCreateHook                         0x08001825   Thumb Code     2  os_cpu_c.o(i.OSTaskCreateHook)
    OSTaskIdleHook                           0x08001827   Thumb Code     2  os_cpu_c.o(i.OSTaskIdleHook)
    OSTaskNameSet                            0x08001829   Thumb Code    98  os_task.o(i.OSTaskNameSet)
    OSTaskStatHook                           0x08001899   Thumb Code     2  os_cpu_c.o(i.OSTaskStatHook)
    OSTaskStkChk                             0x0800189d   Thumb Code   132  os_task.o(i.OSTaskStkChk)
    OSTaskStkInit                            0x08001929   Thumb Code   154  os_cpu_c.o(i.OSTaskStkInit)
    OSTaskSuspend                            0x080019c5   Thumb Code   152  os_task.o(i.OSTaskSuspend)
    OSTaskSwHook                             0x08001a6d   Thumb Code     2  os_cpu_c.o(i.OSTaskSwHook)
    OSTimeDly                                0x08001a71   Thumb Code   100  os_time.o(i.OSTimeDly)
    OSTimeTick                               0x08001ae9   Thumb Code   210  os_core.o(i.OSTimeTick)
    OSTimeTickHook                           0x08001bd5   Thumb Code     2  os_cpu_c.o(i.OSTimeTickHook)
    OS_FlagInit                              0x08001bd9   Thumb Code    74  os_flag.o(i.OS_FlagInit)
    OS_MemClr                                0x08001e3d   Thumb Code    18  os_core.o(i.OS_MemClr)
    OS_QInit                                 0x08001e51   Thumb Code    72  os_q.o(i.OS_QInit)
    OS_Sched                                 0x08001ea1   Thumb Code    88  os_core.o(i.OS_Sched)
    OS_TCBInit                               0x08001f41   Thumb Code   278  os_core.o(i.OS_TCBInit)
    OS_TaskIdle                              0x08002075   Thumb Code    34  os_core.o(i.OS_TaskIdle)
    OS_TaskStat                              0x0800209d   Thumb Code   116  os_core.o(i.OS_TaskStat)
    OS_TaskStatStkChk                        0x08002125   Thumb Code    54  os_core.o(i.OS_TaskStatStkChk)
    OS_TaskStkClr                            0x08002161   Thumb Code    26  os_task.o(i.OS_TaskStkClr)
    RCC_APB2PeriphClockCmd                   0x0800217d   Thumb Code    26  stm32f10x_rcc.o(i.RCC_APB2PeriphClockCmd)
    RCC_GetClocksFreq                        0x0800219d   Thumb Code   192  stm32f10x_rcc.o(i.RCC_GetClocksFreq)
    SVC_Handler                              0x08002271   Thumb Code     2  stm32f10x_it.o(i.SVC_Handler)
    SysTick_CLKSourceConfig                  0x0800235d   Thumb Code    40  misc.o(i.SysTick_CLKSourceConfig)
    SysTick_Handler                          0x08002385   Thumb Code    24  delay.o(i.SysTick_Handler)
    SystemInit                               0x080023a1   Thumb Code    78  system_stm32f10x.o(i.SystemInit)
    USART1_IRQHandler                        0x08002401   Thumb Code   130  usart.o(i.USART1_IRQHandler)
    USART_Cmd                                0x08002491   Thumb Code    24  stm32f10x_usart.o(i.USART_Cmd)
    USART_GetITStatus                        0x080024a9   Thumb Code    84  stm32f10x_usart.o(i.USART_GetITStatus)
    USART_ITConfig                           0x080024fd   Thumb Code    74  stm32f10x_usart.o(i.USART_ITConfig)
    USART_Init                               0x08002549   Thumb Code   210  stm32f10x_usart.o(i.USART_Init)
    USART_ReceiveData                        0x08002621   Thumb Code    10  stm32f10x_usart.o(i.USART_ReceiveData)
    UsageFault_Handler                       0x0800262b   Thumb Code     4  stm32f10x_it.o(i.UsageFault_Handler)
    __ARM_fpclassify                         0x0800262f   Thumb Code    40  fpclassify.o(i.__ARM_fpclassify)
    _is_digit                                0x08002657   Thumb Code    14  __printf_wp.o(i._is_digit)
    _sys_exit                                0x08002665   Thumb Code     4  usart.o(i._sys_exit)
    delay_init                               0x08002669   Thumb Code    76  delay.o(i.delay_init)
    delay_ms                                 0x080026c5   Thumb Code    66  delay.o(i.delay_ms)
    delay_osschedlock                        0x08002715   Thumb Code     8  delay.o(i.delay_osschedlock)
    delay_osschedunlock                      0x0800271d   Thumb Code     8  delay.o(i.delay_osschedunlock)
    delay_ostimedly                          0x08002725   Thumb Code    12  delay.o(i.delay_ostimedly)
    delay_us                                 0x08002731   Thumb Code    86  delay.o(i.delay_us)
    float_task                               0x0800278d   Thumb Code    60  main.o(i.float_task)
    fputc                                    0x080027e9   Thumb Code    24  usart.o(i.fputc)
    led0_task                                0x08002805   Thumb Code    28  main.o(i.led0_task)
    led1_task                                0x08002821   Thumb Code    28  main.o(i.led1_task)
    main                                     0x0800283d   Thumb Code    50  main.o(i.main)
    start_task                               0x08002879   Thumb Code    68  main.o(i.start_task)
    uart_init                                0x080028d5   Thumb Code   152  usart.o(i.uart_init)
    _get_lc_numeric                          0x08002975   Thumb Code    44  lc_numeric_c.o(locale$$code)
    __fpl_dretinf                            0x080029a1   Thumb Code    12  dretinf.o(x$fpl$dretinf)
    __aeabi_f2d                              0x080029ad   Thumb Code     0  f2d.o(x$fpl$f2d)
    _f2d                                     0x080029ad   Thumb Code    86  f2d.o(x$fpl$f2d)
    __aeabi_fadd                             0x08002a05   Thumb Code     0  faddsub_clz.o(x$fpl$fadd)
    _fadd                                    0x08002a05   Thumb Code   196  faddsub_clz.o(x$fpl$fadd)
    __fpl_fnaninf                            0x08002ac9   Thumb Code   140  fnaninf.o(x$fpl$fnaninf)
    __fpl_fretinf                            0x08002b55   Thumb Code    10  fretinf.o(x$fpl$fretinf)
    __aeabi_fsub                             0x08002b61   Thumb Code     0  faddsub_clz.o(x$fpl$fsub)
    _fsub                                    0x08002b61   Thumb Code   234  faddsub_clz.o(x$fpl$fsub)
    _printf_fp_dec                           0x08002c4b   Thumb Code     4  printf1.o(x$fpl$printf1)
    OSUnMapTbl                               0x08002c4e   Data         256  os_core.o(.constdata)
    __I$use$fp                               0x08002c4e   Number         0  usenofp.o(x$fpl$usenofp)
    Region$$Table$$Base                      0x08002de4   Number         0  anon$$obj.o(Region$$Table)
    Region$$Table$$Limit                     0x08002e04   Number         0  anon$$obj.o(Region$$Table)
    SystemCoreClock                          0x20000004   Data           4  system_stm32f10x.o(.data)
    AHBPrescTable                            0x20000008   Data          16  system_stm32f10x.o(.data)
    __stdout                                 0x2000001c   Data           4  usart.o(.data)
    USART_RX_STA                             0x20000020   Data           2  usart.o(.data)
    OSCtxSwCtr                               0x20000038   Data           4  os_core.o(.data)
    OSEventFreeList                          0x2000003c   Data           4  os_core.o(.data)
    OSFlagFreeList                           0x20000040   Data           4  os_core.o(.data)
    OSCPUUsage                               0x20000044   Data           1  os_core.o(.data)
    OSIdleCtrMax                             0x20000048   Data           4  os_core.o(.data)
    OSIdleCtrRun                             0x2000004c   Data           4  os_core.o(.data)
    OSStatRdy                                0x20000050   Data           1  os_core.o(.data)
    OSIntNesting                             0x20000051   Data           1  os_core.o(.data)
    OSLockNesting                            0x20000052   Data           1  os_core.o(.data)
    OSPrioCur                                0x20000053   Data           1  os_core.o(.data)
    OSPrioHighRdy                            0x20000054   Data           1  os_core.o(.data)
    OSRdyGrp                                 0x20000055   Data           1  os_core.o(.data)
    OSRdyTbl                                 0x20000056   Data           8  os_core.o(.data)
    OSRunning                                0x2000005e   Data           1  os_core.o(.data)
    OSTaskCtr                                0x2000005f   Data           1  os_core.o(.data)
    OSIdleCtr                                0x20000060   Data           4  os_core.o(.data)
    OSTCBCur                                 0x20000064   Data           4  os_core.o(.data)
    OSTCBFreeList                            0x20000068   Data           4  os_core.o(.data)
    OSTCBHighRdy                             0x2000006c   Data           4  os_core.o(.data)
    OSTCBList                                0x20000070   Data           4  os_core.o(.data)
    OSTickStepState                          0x20000074   Data           1  os_core.o(.data)
    OSQFreeList                              0x20000078   Data           4  os_core.o(.data)
    OSTime                                   0x2000007c   Data           4  os_core.o(.data)
    START_TASK_STK                           0x20000080   Data         512  main.o(.bss)
    LED0_TASK_STK                            0x20000280   Data         256  main.o(.bss)
    LED1_TASK_STK                            0x20000380   Data         256  main.o(.bss)
    FLOAT_TASK_STK                           0x20000480   Data         512  main.o(.bss)
    USART_RX_BUF                             0x20000680   Data         200  usart.o(.bss)
    OSEventTbl                               0x20000748   Data         200  os_core.o(.bss)
    OSFlagTbl                                0x20000810   Data          80  os_core.o(.bss)
    OSTaskStatStk                            0x20000860   Data         512  os_core.o(.bss)
    OSTaskIdleStk                            0x20000a60   Data         512  os_core.o(.bss)
    OSTCBPrioTbl                             0x20000c60   Data         256  os_core.o(.bss)
    OSTCBTbl                                 0x20000d60   Data        1008  os_core.o(.bss)
    OSQTbl                                   0x20001150   Data         120  os_core.o(.bss)
    __libspace_start                         0x200011c8   Data          96  libspace.o(.bss)
    __temporary_stack_top$libspace           0x20001228   Data           0  libspace.o(.bss)



==============================================================================

Memory Map of the image

  Image Entry point : 0x080000ed

  Load Region LR_IROM1 (Base: 0x08000000, Size: 0x00002ea0, Max: 0x00008000, ABSOLUTE)

    Execution Region ER_IROM1 (Base: 0x08000000, Size: 0x00002e20, Max: 0x00008000, ABSOLUTE)

    Base Addr    Size         Type   Attr      Idx    E Section Name        Object

    0x08000000   0x000000ec   Data   RO          524    RESET               startup_stm32f10x_ld.o
    0x080000ec   0x00000008   Code   RO         1812  * !!!main             c_w.l(__main.o)
    0x080000f4   0x00000034   Code   RO         2040    !!!scatter          c_w.l(__scatter.o)
    0x08000128   0x0000001a   Code   RO         2042    !!handler_copy      c_w.l(__scatter_copy.o)
    0x08000142   0x00000002   PAD
    0x08000144   0x0000001c   Code   RO         2044    !!handler_zi        c_w.l(__scatter_zi.o)
    0x08000160   0x00000000   Code   RO         1809    .ARM.Collect$$_printf_percent$$00000000  c_w.l(_printf_percent.o)
    0x08000160   0x00000006   Code   RO         1808    .ARM.Collect$$_printf_percent$$00000003  c_w.l(_printf_f.o)
    0x08000166   0x00000004   Code   RO         1831    .ARM.Collect$$_printf_percent$$00000017  c_w.l(_printf_percent_end.o)
    0x0800016a   0x00000002   Code   RO         1917    .ARM.Collect$$libinit$$00000000  c_w.l(libinit.o)
    0x0800016c   0x00000000   Code   RO         1919    .ARM.Collect$$libinit$$00000002  c_w.l(libinit2.o)
    0x0800016c   0x00000000   Code   RO         1921    .ARM.Collect$$libinit$$00000004  c_w.l(libinit2.o)
    0x0800016c   0x00000000   Code   RO         1924    .ARM.Collect$$libinit$$0000000A  c_w.l(libinit2.o)
    0x0800016c   0x00000000   Code   RO         1926    .ARM.Collect$$libinit$$0000000C  c_w.l(libinit2.o)
    0x0800016c   0x00000000   Code   RO         1928    .ARM.Collect$$libinit$$0000000E  c_w.l(libinit2.o)
    0x0800016c   0x00000006   Code   RO         1929    .ARM.Collect$$libinit$$0000000F  c_w.l(libinit2.o)
    0x08000172   0x00000000   Code   RO         1931    .ARM.Collect$$libinit$$00000011  c_w.l(libinit2.o)
    0x08000172   0x00000000   Code   RO         1933    .ARM.Collect$$libinit$$00000013  c_w.l(libinit2.o)
    0x08000172   0x00000000   Code   RO         1935    .ARM.Collect$$libinit$$00000015  c_w.l(libinit2.o)
    0x08000172   0x0000000a   Code   RO         1936    .ARM.Collect$$libinit$$00000016  c_w.l(libinit2.o)
    0x0800017c   0x00000000   Code   RO         1937    .ARM.Collect$$libinit$$00000017  c_w.l(libinit2.o)
    0x0800017c   0x00000000   Code   RO         1939    .ARM.Collect$$libinit$$00000019  c_w.l(libinit2.o)
    0x0800017c   0x00000000   Code   RO         1941    .ARM.Collect$$libinit$$0000001B  c_w.l(libinit2.o)
    0x0800017c   0x00000000   Code   RO         1943    .ARM.Collect$$libinit$$0000001D  c_w.l(libinit2.o)
    0x0800017c   0x00000000   Code   RO         1945    .ARM.Collect$$libinit$$0000001F  c_w.l(libinit2.o)
    0x0800017c   0x00000000   Code   RO         1947    .ARM.Collect$$libinit$$00000021  c_w.l(libinit2.o)
    0x0800017c   0x00000000   Code   RO         1949    .ARM.Collect$$libinit$$00000023  c_w.l(libinit2.o)
    0x0800017c   0x00000000   Code   RO         1951    .ARM.Collect$$libinit$$00000025  c_w.l(libinit2.o)
    0x0800017c   0x00000000   Code   RO         1955    .ARM.Collect$$libinit$$0000002C  c_w.l(libinit2.o)
    0x0800017c   0x00000000   Code   RO         1957    .ARM.Collect$$libinit$$0000002E  c_w.l(libinit2.o)
    0x0800017c   0x00000000   Code   RO         1959    .ARM.Collect$$libinit$$00000030  c_w.l(libinit2.o)
    0x0800017c   0x00000000   Code   RO         1961    .ARM.Collect$$libinit$$00000032  c_w.l(libinit2.o)
    0x0800017c   0x00000002   Code   RO         1962    .ARM.Collect$$libinit$$00000033  c_w.l(libinit2.o)
    0x0800017e   0x00000002   Code   RO         1990    .ARM.Collect$$libshutdown$$00000000  c_w.l(libshutdown.o)
    0x08000180   0x00000000   Code   RO         1999    .ARM.Collect$$libshutdown$$00000002  c_w.l(libshutdown2.o)
    0x08000180   0x00000000   Code   RO         2001    .ARM.Collect$$libshutdown$$00000004  c_w.l(libshutdown2.o)
    0x08000180   0x00000000   Code   RO         2004    .ARM.Collect$$libshutdown$$00000007  c_w.l(libshutdown2.o)
    0x08000180   0x00000000   Code   RO         2007    .ARM.Collect$$libshutdown$$0000000A  c_w.l(libshutdown2.o)
    0x08000180   0x00000000   Code   RO         2009    .ARM.Collect$$libshutdown$$0000000C  c_w.l(libshutdown2.o)
    0x08000180   0x00000000   Code   RO         2012    .ARM.Collect$$libshutdown$$0000000F  c_w.l(libshutdown2.o)
    0x08000180   0x00000002   Code   RO         2013    .ARM.Collect$$libshutdown$$00000010  c_w.l(libshutdown2.o)
    0x08000182   0x00000000   Code   RO         1826    .ARM.Collect$$rtentry$$00000000  c_w.l(__rtentry.o)
    0x08000182   0x00000000   Code   RO         1840    .ARM.Collect$$rtentry$$00000002  c_w.l(__rtentry2.o)
    0x08000182   0x00000006   Code   RO         1852    .ARM.Collect$$rtentry$$00000004  c_w.l(__rtentry4.o)
    0x08000188   0x00000000   Code   RO         1842    .ARM.Collect$$rtentry$$00000009  c_w.l(__rtentry2.o)
    0x08000188   0x00000004   Code   RO         1843    .ARM.Collect$$rtentry$$0000000A  c_w.l(__rtentry2.o)
    0x0800018c   0x00000000   Code   RO         1845    .ARM.Collect$$rtentry$$0000000C  c_w.l(__rtentry2.o)
    0x0800018c   0x00000008   Code   RO         1846    .ARM.Collect$$rtentry$$0000000D  c_w.l(__rtentry2.o)
    0x08000194   0x00000002   Code   RO         1963    .ARM.Collect$$rtexit$$00000000  c_w.l(rtexit.o)
    0x08000196   0x00000000   Code   RO         1970    .ARM.Collect$$rtexit$$00000002  c_w.l(rtexit2.o)
    0x08000196   0x00000004   Code   RO         1971    .ARM.Collect$$rtexit$$00000003  c_w.l(rtexit2.o)
    0x0800019a   0x00000006   Code   RO         1972    .ARM.Collect$$rtexit$$00000004  c_w.l(rtexit2.o)
    0x080001a0   0x00000040   Code   RO          525    .text               startup_stm32f10x_ld.o
    0x080001e0   0x000000b4   Code   RO         1693    .text               os_cpu_a.o
    0x08000294   0x00000002   Code   RO         1780    .text               c_w.l(use_no_semi_2.o)
    0x08000296   0x00000002   PAD
    0x08000298   0x00000018   Code   RO         1784    .text               c_w.l(noretval__2printf.o)
    0x080002b0   0x0000010e   Code   RO         1796    .text               c_w.l(__printf_wp.o)
    0x080003be   0x00000006   Code   RO         1810    .text               c_w.l(heapauxi.o)
    0x080003c4   0x00000002   Code   RO         1824    .text               c_w.l(use_no_semi.o)
    0x080003c6   0x0000041a   Code   RO         1827    .text               c_w.l(_printf_fp_dec.o)
    0x080007e0   0x00000024   Code   RO         1829    .text               c_w.l(_printf_char_file.o)
    0x08000804   0x00000008   Code   RO         1857    .text               c_w.l(rt_locale_intlibspace.o)
    0x0800080c   0x0000008a   Code   RO         1859    .text               c_w.l(lludiv10.o)
    0x08000896   0x00000002   PAD
    0x08000898   0x00000030   Code   RO         1861    .text               c_w.l(_printf_char_common.o)
    0x080008c8   0x00000080   Code   RO         1863    .text               c_w.l(_printf_fp_infnan.o)
    0x08000948   0x000000dc   Code   RO         1865    .text               c_w.l(bigflt0.o)
    0x08000a24   0x00000008   Code   RO         1890    .text               c_w.l(ferror.o)
    0x08000a2c   0x00000008   Code   RO         1901    .text               c_w.l(libspace.o)
    0x08000a34   0x0000004a   Code   RO         1904    .text               c_w.l(sys_stackheap_outer.o)
    0x08000a7e   0x00000012   Code   RO         1908    .text               c_w.l(exit.o)
    0x08000a90   0x00000080   Code   RO         1910    .text               c_w.l(strcmpv7m.o)
    0x08000b10   0x0000003e   Code   RO         1868    CL$$btod_d2e        c_w.l(btod.o)
    0x08000b4e   0x00000046   Code   RO         1870    CL$$btod_d2e_denorm_low  c_w.l(btod.o)
    0x08000b94   0x00000060   Code   RO         1869    CL$$btod_d2e_norm_op1  c_w.l(btod.o)
    0x08000bf4   0x00000338   Code   RO         1878    CL$$btod_div_common  c_w.l(btod.o)
    0x08000f2c   0x000000c6   Code   RO         1875    CL$$btod_e2e        c_w.l(btod.o)
    0x08000ff2   0x00000028   Code   RO         1872    CL$$btod_ediv       c_w.l(btod.o)
    0x0800101a   0x00000028   Code   RO         1871    CL$$btod_emul       c_w.l(btod.o)
    0x08001042   0x00000244   Code   RO         1877    CL$$btod_mult_common  c_w.l(btod.o)
    0x08001286   0x00000004   Code   RO          173    i.BusFault_Handler  stm32f10x_it.o
    0x0800128a   0x00000002   Code   RO          174    i.DebugMon_Handler  stm32f10x_it.o
    0x0800128c   0x00000116   Code   RO          535    i.GPIO_Init         stm32f10x_gpio.o
    0x080013a2   0x00000004   Code   RO          542    i.GPIO_ResetBits    stm32f10x_gpio.o
    0x080013a6   0x00000004   Code   RO          543    i.GPIO_SetBits      stm32f10x_gpio.o
    0x080013aa   0x00000004   Code   RO          175    i.HardFault_Handler  stm32f10x_it.o
    0x080013ae   0x00000002   PAD
    0x080013b0   0x00000010   Code   RO          284    i.LED0_OFF          led.o
    0x080013c0   0x00000010   Code   RO          285    i.LED0_ON           led.o
    0x080013d0   0x00000010   Code   RO          286    i.LED1_OFF          led.o
    0x080013e0   0x00000010   Code   RO          287    i.LED1_ON           led.o
    0x080013f0   0x00000034   Code   RO          300    i.LED_Init          led.o
    0x08001424   0x00000004   Code   RO          176    i.MemManage_Handler  stm32f10x_it.o
    0x08001428   0x00000002   Code   RO          177    i.NMI_Handler       stm32f10x_it.o
    0x0800142a   0x00000002   PAD
    0x0800142c   0x00000070   Code   RO         1023    i.NVIC_Init         misc.o
    0x0800149c   0x00000014   Code   RO         1024    i.NVIC_PriorityGroupConfig  misc.o
    0x080014b0   0x0000002c   Code   RO         1059    i.OSInit            os_core.o
    0x080014dc   0x00000002   Code   RO         1696    i.OSInitHookBegin   os_cpu_c.o
    0x080014de   0x00000002   Code   RO         1697    i.OSInitHookEnd     os_cpu_c.o
    0x080014e0   0x00000024   Code   RO         1060    i.OSIntEnter        os_core.o
    0x08001504   0x00000090   Code   RO         1061    i.OSIntExit         os_core.o
    0x08001594   0x00000040   Code   RO         1062    i.OSSchedLock       os_core.o
    0x080015d4   0x00000060   Code   RO         1063    i.OSSchedUnlock     os_core.o
    0x08001634   0x00000048   Code   RO         1064    i.OSStart           os_core.o
    0x0800167c   0x0000004c   Code   RO         1065    i.OSStatInit        os_core.o
    0x080016c8   0x00000002   Code   RO         1698    i.OSTCBInitHook     os_cpu_c.o
    0x080016ca   0x00000002   PAD
    0x080016cc   0x000000a0   Code   RO         1556    i.OSTaskCreate      os_task.o
    0x0800176c   0x000000b8   Code   RO         1557    i.OSTaskCreateExt   os_task.o
    0x08001824   0x00000002   Code   RO         1699    i.OSTaskCreateHook  os_cpu_c.o
    0x08001826   0x00000002   Code   RO         1701    i.OSTaskIdleHook    os_cpu_c.o
    0x08001828   0x00000070   Code   RO         1561    i.OSTaskNameSet     os_task.o
    0x08001898   0x00000002   Code   RO         1703    i.OSTaskStatHook    os_cpu_c.o
    0x0800189a   0x00000002   PAD
    0x0800189c   0x0000008c   Code   RO         1566    i.OSTaskStkChk      os_task.o
    0x08001928   0x0000009a   Code   RO         1704    i.OSTaskStkInit     os_cpu_c.o
    0x080019c2   0x00000002   PAD
    0x080019c4   0x000000a8   Code   RO         1567    i.OSTaskSuspend     os_task.o
    0x08001a6c   0x00000002   Code   RO         1705    i.OSTaskSwHook      os_cpu_c.o
    0x08001a6e   0x00000002   PAD
    0x08001a70   0x00000078   Code   RO         1651    i.OSTimeDly         os_time.o
    0x08001ae8   0x000000ec   Code   RO         1066    i.OSTimeTick        os_core.o
    0x08001bd4   0x00000002   Code   RO         1706    i.OSTimeTickHook    os_cpu_c.o
    0x08001bd6   0x00000002   PAD
    0x08001bd8   0x00000058   Code   RO         1250    i.OS_FlagInit       os_flag.o
    0x08001c30   0x00000054   Code   RO         1073    i.OS_InitEventList  os_core.o
    0x08001c84   0x00000054   Code   RO         1074    i.OS_InitMisc       os_core.o
    0x08001cd8   0x00000044   Code   RO         1075    i.OS_InitRdyList    os_core.o
    0x08001d1c   0x00000080   Code   RO         1076    i.OS_InitTCBList    os_core.o
    0x08001d9c   0x00000050   Code   RO         1077    i.OS_InitTaskIdle   os_core.o
    0x08001dec   0x00000050   Code   RO         1078    i.OS_InitTaskStat   os_core.o
    0x08001e3c   0x00000012   Code   RO         1079    i.OS_MemClr         os_core.o
    0x08001e4e   0x00000002   PAD
    0x08001e50   0x00000050   Code   RO         1439    i.OS_QInit          os_q.o
    0x08001ea0   0x00000074   Code   RO         1081    i.OS_Sched          os_core.o
    0x08001f14   0x0000002c   Code   RO         1082    i.OS_SchedNew       os_core.o
    0x08001f40   0x00000134   Code   RO         1084    i.OS_TCBInit        os_core.o
    0x08002074   0x00000028   Code   RO         1085    i.OS_TaskIdle       os_core.o
    0x0800209c   0x00000088   Code   RO         1086    i.OS_TaskStat       os_core.o
    0x08002124   0x0000003c   Code   RO         1087    i.OS_TaskStatStkChk  os_core.o
    0x08002160   0x0000001a   Code   RO         1569    i.OS_TaskStkClr     os_task.o
    0x0800217a   0x00000002   PAD
    0x0800217c   0x00000020   Code   RO          647    i.RCC_APB2PeriphClockCmd  stm32f10x_rcc.o
    0x0800219c   0x000000d4   Code   RO          655    i.RCC_GetClocksFreq  stm32f10x_rcc.o
    0x08002270   0x00000002   Code   RO          178    i.SVC_Handler       stm32f10x_it.o
    0x08002272   0x00000008   Code   RO          250    i.SetSysClock       system_stm32f10x.o
    0x0800227a   0x00000002   PAD
    0x0800227c   0x000000e0   Code   RO          251    i.SetSysClockTo72   system_stm32f10x.o
    0x0800235c   0x00000028   Code   RO         1027    i.SysTick_CLKSourceConfig  misc.o
    0x08002384   0x0000001c   Code   RO          392    i.SysTick_Handler   delay.o
    0x080023a0   0x00000060   Code   RO          253    i.SystemInit        system_stm32f10x.o
    0x08002400   0x00000090   Code   RO          471    i.USART1_IRQHandler  usart.o
    0x08002490   0x00000018   Code   RO          847    i.USART_Cmd         stm32f10x_usart.o
    0x080024a8   0x00000054   Code   RO          851    i.USART_GetITStatus  stm32f10x_usart.o
    0x080024fc   0x0000004a   Code   RO          853    i.USART_ITConfig    stm32f10x_usart.o
    0x08002546   0x00000002   PAD
    0x08002548   0x000000d8   Code   RO          854    i.USART_Init        stm32f10x_usart.o
    0x08002620   0x0000000a   Code   RO          861    i.USART_ReceiveData  stm32f10x_usart.o
    0x0800262a   0x00000004   Code   RO          179    i.UsageFault_Handler  stm32f10x_it.o
    0x0800262e   0x00000028   Code   RO         1899    i.__ARM_fpclassify  m_ws.l(fpclassify.o)
    0x08002656   0x0000000e   Code   RO         1798    i._is_digit         c_w.l(__printf_wp.o)
    0x08002664   0x00000004   Code   RO          472    i._sys_exit         usart.o
    0x08002668   0x0000005c   Code   RO          393    i.delay_init        delay.o
    0x080026c4   0x00000050   Code   RO          394    i.delay_ms          delay.o
    0x08002714   0x00000008   Code   RO          395    i.delay_osschedlock  delay.o
    0x0800271c   0x00000008   Code   RO          396    i.delay_osschedunlock  delay.o
    0x08002724   0x0000000c   Code   RO          397    i.delay_ostimedly   delay.o
    0x08002730   0x0000005c   Code   RO          398    i.delay_us          delay.o
    0x0800278c   0x0000005c   Code   RO            1    i.float_task        main.o
    0x080027e8   0x0000001c   Code   RO          473    i.fputc             usart.o
    0x08002804   0x0000001c   Code   RO            2    i.led0_task         main.o
    0x08002820   0x0000001c   Code   RO            3    i.led1_task         main.o
    0x0800283c   0x0000003c   Code   RO            4    i.main              main.o
    0x08002878   0x0000005c   Code   RO            5    i.start_task        main.o
    0x080028d4   0x000000a0   Code   RO          474    i.uart_init         usart.o
    0x08002974   0x0000002c   Code   RO         1895    locale$$code        c_w.l(lc_numeric_c.o)
    0x080029a0   0x0000000c   Code   RO         1832    x$fpl$dretinf       fz_ws.l(dretinf.o)
    0x080029ac   0x00000056   Code   RO         1814    x$fpl$f2d           fz_ws.l(f2d.o)
    0x08002a02   0x00000002   PAD
    0x08002a04   0x000000c4   Code   RO         1816    x$fpl$fadd          fz_ws.l(faddsub_clz.o)
    0x08002ac8   0x0000008c   Code   RO         1834    x$fpl$fnaninf       fz_ws.l(fnaninf.o)
    0x08002b54   0x0000000a   Code   RO         1836    x$fpl$fretinf       fz_ws.l(fretinf.o)
    0x08002b5e   0x00000002   PAD
    0x08002b60   0x000000ea   Code   RO         1818    x$fpl$fsub          fz_ws.l(faddsub_clz.o)
    0x08002c4a   0x00000004   Code   RO         1822    x$fpl$printf1       fz_ws.l(printf1.o)
    0x08002c4e   0x00000000   Code   RO         1838    x$fpl$usenofp       fz_ws.l(usenofp.o)
    0x08002c4e   0x00000100   Data   RO         1089    .constdata          os_core.o
    0x08002d4e   0x00000002   PAD
    0x08002d50   0x00000094   Data   RO         1866    .constdata          c_w.l(bigflt0.o)
    0x08002de4   0x00000020   Data   RO         2038    Region$$Table       anon$$obj.o
    0x08002e04   0x0000001c   Data   RO         1894    locale$$data        c_w.l(lc_numeric_c.o)


    Execution Region RW_IRAM1 (Base: 0x20000000, Size: 0x00001828, Max: 0x00002800, ABSOLUTE)

    Base Addr    Size         Type   Attr      Idx    E Section Name        Object

    0x20000000   0x00000004   Data   RW            7    .data               main.o
    0x20000004   0x00000014   Data   RW          254    .data               system_stm32f10x.o
    0x20000018   0x00000004   Data   RW          399    .data               delay.o
    0x2000001c   0x00000006   Data   RW          476    .data               usart.o
    0x20000022   0x00000014   Data   RW          675    .data               stm32f10x_rcc.o
    0x20000036   0x00000002   PAD
    0x20000038   0x00000048   Data   RW         1090    .data               os_core.o
    0x20000080   0x00000600   Zero   RW            6    .bss                main.o
    0x20000680   0x000000c8   Zero   RW          475    .bss                usart.o
    0x20000748   0x00000a80   Zero   RW         1088    .bss                os_core.o
    0x200011c8   0x00000060   Zero   RW         1902    .bss                c_w.l(libspace.o)
    0x20001228   0x00000200   Zero   RW          523    HEAP                startup_stm32f10x_ld.o
    0x20001428   0x00000400   Zero   RW          522    STACK               startup_stm32f10x_ld.o


==============================================================================

Image component sizes


      Code (inc. data)   RO Data    RW Data    ZI Data      Debug   Object Name

       320         40          0          4          0       3605   delay.o
       116         22          0          0          0       2121   led.o
       300         66          0          4       1536     242382   main.o
       172         22          0          0          0       1953   misc.o
      2014        396        256         72       2688      19076   os_core.o
       180         36          0          0          0        312   os_cpu_a.o
       170          0          0          0          0      12479   os_cpu_c.o
        88         14          0          0          0        566   os_flag.o
        80          8          0          0          0        535   os_q.o
       790         64          0          0          0       5236   os_task.o
       120         20          0          0          0        600   os_time.o
        64         26        236          0       1536        780   startup_stm32f10x_ld.o
       286          0          0          0          0       2936   stm32f10x_gpio.o
        22          0          0          0          0       2707   stm32f10x_it.o
       244         26          0         20          0       3765   stm32f10x_rcc.o
       408          6          0          0          0       4854   stm32f10x_usart.o
         0          0          0          0          0         32   sys.o
       328         28          0         20          0       1957   system_stm32f10x.o
       336         26          0          6        200       4000   usart.o

    ----------------------------------------------------------------------
      6060        800        526        128       5960     309896   Object Totals
         0          0         32          0          0          0   (incl. Generated)
        22          0          2          2          0          0   (incl. Padding)

    ----------------------------------------------------------------------

      Code (inc. data)   RO Data    RW Data    ZI Data      Debug   Library Member Name

         8          0          0          0          0         68   __main.o
       284          0          0          0          0        156   __printf_wp.o
         0          0          0          0          0          0   __rtentry.o
        12          0          0          0          0          0   __rtentry2.o
         6          0          0          0          0          0   __rtentry4.o
        52          8          0          0          0          0   __scatter.o
        26          0          0          0          0          0   __scatter_copy.o
        28          0          0          0          0          0   __scatter_zi.o
        48          6          0          0          0         96   _printf_char_common.o
        36          4          0          0          0         80   _printf_char_file.o
         6          0          0          0          0          0   _printf_f.o
      1050          0          0          0          0        216   _printf_fp_dec.o
       128         16          0          0          0         84   _printf_fp_infnan.o
         0          0          0          0          0          0   _printf_percent.o
         4          0          0          0          0          0   _printf_percent_end.o
       220          4        148          0          0         96   bigflt0.o
      1910        128          0          0          0        672   btod.o
        18          0          0          0          0         80   exit.o
         8          0          0          0          0         68   ferror.o
         6          0          0          0          0        152   heapauxi.o
        44         10         28          0          0         76   lc_numeric_c.o
         2          0          0          0          0          0   libinit.o
        18          0          0          0          0          0   libinit2.o
         2          0          0          0          0          0   libshutdown.o
         2          0          0          0          0          0   libshutdown2.o
         8          4          0          0         96         68   libspace.o
       138          0          0          0          0         80   lludiv10.o
        24          4          0          0          0         84   noretval__2printf.o
         8          4          0          0          0         68   rt_locale_intlibspace.o
         2          0          0          0          0          0   rtexit.o
        10          0          0          0          0          0   rtexit2.o
       128          0          0          0          0         68   strcmpv7m.o
        74          0          0          0          0         80   sys_stackheap_outer.o
         2          0          0          0          0         68   use_no_semi.o
         2          0          0          0          0         68   use_no_semi_2.o
        12          0          0          0          0         68   dretinf.o
        86          4          0          0          0         84   f2d.o
       430          8          0          0          0        168   faddsub_clz.o
       140          4          0          0          0         84   fnaninf.o
        10          0          0          0          0         68   fretinf.o
         4          0          0          0          0         68   printf1.o
         0          0          0          0          0          0   usenofp.o
        40          0          0          0          0         68   fpclassify.o

    ----------------------------------------------------------------------
      5046        204        176          0         96       3036   Library Totals
        10          0          0          0          0          0   (incl. Padding)

    ----------------------------------------------------------------------

      Code (inc. data)   RO Data    RW Data    ZI Data      Debug   Library Name

      4314        188        176          0         96       2428   c_w.l
       682         16          0          0          0        540   fz_ws.l
        40          0          0          0          0         68   m_ws.l

    ----------------------------------------------------------------------
      5046        204        176          0         96       3036   Library Totals

    ----------------------------------------------------------------------

==============================================================================


      Code (inc. data)   RO Data    RW Data    ZI Data      Debug   

     11106       1004        702        128       6056     307156   Grand Totals
     11106       1004        702        128       6056     307156   ELF Image Totals
     11106       1004        702        128          0          0   ROM Totals

==============================================================================

    Total RO  Size (Code + RO Data)                11808 (  11.53kB)
    Total RW  Size (RW Data + ZI Data)              6184 (   6.04kB)
    Total ROM Size (Code + RO Data + RW Data)      11936 (  11.66kB)

==============================================================================

